<?xml version="1.0"?>
<link_info>
   <banner>MSP430 Linker PC v16.9.7.LTS</banner>
   <copyright>Copyright (c) 2003-2017 Texas Instruments Incorporated</copyright>
   <link_time>0x5b1a0b72</link_time>
   <link_errors>0x0</link_errors>
   <output_file>cc1101_MSP-EXP430g2_RX.out</output_file>
   <entry_point>
      <name>_c_int00_noargs_noexit</name>
      <address>0xc6ec</address>
   </entry_point>
   <input_file_list>
      <input_file id="fl-2">
         <path>.\source\apps\cc1120_easyLink_vchip_boosterpack\</path>
         <kind>object</kind>
         <file>cc110L_easy_link_msp_exp_430g2_rx.obj</file>
         <name>cc110L_easy_link_msp_exp_430g2_rx.obj</name>
      </input_file>
      <input_file id="fl-3">
         <path>.\source\components\common\</path>
         <kind>object</kind>
         <file>hal_int.obj</file>
         <name>hal_int.obj</name>
      </input_file>
      <input_file id="fl-4">
         <path>.\source\components\devices\cc11x\</path>
         <kind>object</kind>
         <file>cc11xL_spi.obj</file>
         <name>cc11xL_spi.obj</name>
      </input_file>
      <input_file id="fl-5">
         <path>.\source\components\devices\lcd_dogm128_6\</path>
         <kind>object</kind>
         <file>lcd_dogm128_6.obj</file>
         <name>lcd_dogm128_6.obj</name>
      </input_file>
      <input_file id="fl-6">
         <path>.\source\components\devices\lcd_dogm128_6\</path>
         <kind>object</kind>
         <file>lcd_dogm128_6_alphabet.obj</file>
         <name>lcd_dogm128_6_alphabet.obj</name>
      </input_file>
      <input_file id="fl-7">
         <path>.\source\components\devices\lcd_dogm128_6\</path>
         <kind>object</kind>
         <file>lcd_dogm128_6_ti_logo.obj</file>
         <name>lcd_dogm128_6_ti_logo.obj</name>
      </input_file>
      <input_file id="fl-8">
         <path>.\source\components\targets\msp_exp430g2\</path>
         <kind>object</kind>
         <file>hal_board.obj</file>
         <name>hal_board.obj</name>
      </input_file>
      <input_file id="fl-9">
         <path>.\source\components\targets\msp_exp430g2\</path>
         <kind>object</kind>
         <file>hal_digio2.obj</file>
         <name>hal_digio2.obj</name>
      </input_file>
      <input_file id="fl-a">
         <path>.\source\components\targets\msp_exp430g2\</path>
         <kind>object</kind>
         <file>hal_int_rf_msp_exp430g2.obj</file>
         <name>hal_int_rf_msp_exp430g2.obj</name>
      </input_file>
      <input_file id="fl-b">
         <path>.\source\components\targets\msp_exp430g2\</path>
         <kind>object</kind>
         <file>hal_msp_exp430g2_spi.obj</file>
         <name>hal_msp_exp430g2_spi.obj</name>
      </input_file>
      <input_file id="fl-10">
         <kind>object</kind>
         <file>&lt;internal&gt;</file>
         <name>&lt;internal&gt;</name>
      </input_file>
      <input_file id="fl-26">
         <path>C:\ti\ccsv8\tools\compiler\ti-cgt-msp430_16.9.7.LTS\lib\</path>
         <kind>archive</kind>
         <file>rts430_eabi.lib</file>
         <name>asr16.obj</name>
      </input_file>
      <input_file id="fl-27">
         <path>C:\ti\ccsv8\tools\compiler\ti-cgt-msp430_16.9.7.LTS\lib\</path>
         <kind>archive</kind>
         <file>rts430_eabi.lib</file>
         <name>boot.obj</name>
      </input_file>
      <input_file id="fl-28">
         <path>C:\ti\ccsv8\tools\compiler\ti-cgt-msp430_16.9.7.LTS\lib\</path>
         <kind>archive</kind>
         <file>rts430_eabi.lib</file>
         <name>boot_special.obj</name>
      </input_file>
      <input_file id="fl-29">
         <path>C:\ti\ccsv8\tools\compiler\ti-cgt-msp430_16.9.7.LTS\lib\</path>
         <kind>archive</kind>
         <file>rts430_eabi.lib</file>
         <name>copy_decompress_lzss.obj</name>
      </input_file>
      <input_file id="fl-2a">
         <path>C:\ti\ccsv8\tools\compiler\ti-cgt-msp430_16.9.7.LTS\lib\</path>
         <kind>archive</kind>
         <file>rts430_eabi.lib</file>
         <name>copy_decompress_none.obj</name>
      </input_file>
      <input_file id="fl-2b">
         <path>C:\ti\ccsv8\tools\compiler\ti-cgt-msp430_16.9.7.LTS\lib\</path>
         <kind>archive</kind>
         <file>rts430_eabi.lib</file>
         <name>copy_zero_init.obj</name>
      </input_file>
      <input_file id="fl-2c">
         <path>C:\ti\ccsv8\tools\compiler\ti-cgt-msp430_16.9.7.LTS\lib\</path>
         <kind>archive</kind>
         <file>rts430_eabi.lib</file>
         <name>cvtdf.obj</name>
      </input_file>
      <input_file id="fl-2d">
         <path>C:\ti\ccsv8\tools\compiler\ti-cgt-msp430_16.9.7.LTS\lib\</path>
         <kind>archive</kind>
         <file>rts430_eabi.lib</file>
         <name>cvtfd.obj</name>
      </input_file>
      <input_file id="fl-2e">
         <path>C:\ti\ccsv8\tools\compiler\ti-cgt-msp430_16.9.7.LTS\lib\</path>
         <kind>archive</kind>
         <file>rts430_eabi.lib</file>
         <name>div32s.obj</name>
      </input_file>
      <input_file id="fl-2f">
         <path>C:\ti\ccsv8\tools\compiler\ti-cgt-msp430_16.9.7.LTS\lib\</path>
         <kind>archive</kind>
         <file>rts430_eabi.lib</file>
         <name>div32u.obj</name>
      </input_file>
      <input_file id="fl-30">
         <path>C:\ti\ccsv8\tools\compiler\ti-cgt-msp430_16.9.7.LTS\lib\</path>
         <kind>archive</kind>
         <file>rts430_eabi.lib</file>
         <name>epilog.obj</name>
      </input_file>
      <input_file id="fl-31">
         <path>C:\ti\ccsv8\tools\compiler\ti-cgt-msp430_16.9.7.LTS\lib\</path>
         <kind>archive</kind>
         <file>rts430_eabi.lib</file>
         <name>exit.obj</name>
      </input_file>
      <input_file id="fl-32">
         <path>C:\ti\ccsv8\tools\compiler\ti-cgt-msp430_16.9.7.LTS\lib\</path>
         <kind>archive</kind>
         <file>rts430_eabi.lib</file>
         <name>exit_gvars.obj</name>
      </input_file>
      <input_file id="fl-33">
         <path>C:\ti\ccsv8\tools\compiler\ti-cgt-msp430_16.9.7.LTS\lib\</path>
         <kind>archive</kind>
         <file>rts430_eabi.lib</file>
         <name>fs_cmp.obj</name>
      </input_file>
      <input_file id="fl-34">
         <path>C:\ti\ccsv8\tools\compiler\ti-cgt-msp430_16.9.7.LTS\lib\</path>
         <kind>archive</kind>
         <file>rts430_eabi.lib</file>
         <name>fs_mpy.obj</name>
      </input_file>
      <input_file id="fl-35">
         <path>C:\ti\ccsv8\tools\compiler\ti-cgt-msp430_16.9.7.LTS\lib\</path>
         <kind>archive</kind>
         <file>rts430_eabi.lib</file>
         <name>fs_neg.obj</name>
      </input_file>
      <input_file id="fl-36">
         <path>C:\ti\ccsv8\tools\compiler\ti-cgt-msp430_16.9.7.LTS\lib\</path>
         <kind>archive</kind>
         <file>rts430_eabi.lib</file>
         <name>fs_tol.obj</name>
      </input_file>
      <input_file id="fl-37">
         <path>C:\ti\ccsv8\tools\compiler\ti-cgt-msp430_16.9.7.LTS\lib\</path>
         <kind>archive</kind>
         <file>rts430_eabi.lib</file>
         <name>int05.obj</name>
      </input_file>
      <input_file id="fl-38">
         <path>C:\ti\ccsv8\tools\compiler\ti-cgt-msp430_16.9.7.LTS\lib\</path>
         <kind>archive</kind>
         <file>rts430_eabi.lib</file>
         <name>int06.obj</name>
      </input_file>
      <input_file id="fl-39">
         <path>C:\ti\ccsv8\tools\compiler\ti-cgt-msp430_16.9.7.LTS\lib\</path>
         <kind>archive</kind>
         <file>rts430_eabi.lib</file>
         <name>int07.obj</name>
      </input_file>
      <input_file id="fl-3a">
         <path>C:\ti\ccsv8\tools\compiler\ti-cgt-msp430_16.9.7.LTS\lib\</path>
         <kind>archive</kind>
         <file>rts430_eabi.lib</file>
         <name>int08.obj</name>
      </input_file>
      <input_file id="fl-3b">
         <path>C:\ti\ccsv8\tools\compiler\ti-cgt-msp430_16.9.7.LTS\lib\</path>
         <kind>archive</kind>
         <file>rts430_eabi.lib</file>
         <name>int09.obj</name>
      </input_file>
      <input_file id="fl-3c">
         <path>C:\ti\ccsv8\tools\compiler\ti-cgt-msp430_16.9.7.LTS\lib\</path>
         <kind>archive</kind>
         <file>rts430_eabi.lib</file>
         <name>int11.obj</name>
      </input_file>
      <input_file id="fl-3d">
         <path>C:\ti\ccsv8\tools\compiler\ti-cgt-msp430_16.9.7.LTS\lib\</path>
         <kind>archive</kind>
         <file>rts430_eabi.lib</file>
         <name>int12.obj</name>
      </input_file>
      <input_file id="fl-3e">
         <path>C:\ti\ccsv8\tools\compiler\ti-cgt-msp430_16.9.7.LTS\lib\</path>
         <kind>archive</kind>
         <file>rts430_eabi.lib</file>
         <name>int13.obj</name>
      </input_file>
      <input_file id="fl-3f">
         <path>C:\ti\ccsv8\tools\compiler\ti-cgt-msp430_16.9.7.LTS\lib\</path>
         <kind>archive</kind>
         <file>rts430_eabi.lib</file>
         <name>int14.obj</name>
      </input_file>
      <input_file id="fl-40">
         <path>C:\ti\ccsv8\tools\compiler\ti-cgt-msp430_16.9.7.LTS\lib\</path>
         <kind>archive</kind>
         <file>rts430_eabi.lib</file>
         <name>isr_trap.obj</name>
      </input_file>
      <input_file id="fl-41">
         <path>C:\ti\ccsv8\tools\compiler\ti-cgt-msp430_16.9.7.LTS\lib\</path>
         <kind>archive</kind>
         <file>rts430_eabi.lib</file>
         <name>lsl16.obj</name>
      </input_file>
      <input_file id="fl-42">
         <path>C:\ti\ccsv8\tools\compiler\ti-cgt-msp430_16.9.7.LTS\lib\</path>
         <kind>archive</kind>
         <file>rts430_eabi.lib</file>
         <name>lsl32.obj</name>
      </input_file>
      <input_file id="fl-43">
         <path>C:\ti\ccsv8\tools\compiler\ti-cgt-msp430_16.9.7.LTS\lib\</path>
         <kind>archive</kind>
         <file>rts430_eabi.lib</file>
         <name>lsr16.obj</name>
      </input_file>
      <input_file id="fl-44">
         <path>C:\ti\ccsv8\tools\compiler\ti-cgt-msp430_16.9.7.LTS\lib\</path>
         <kind>archive</kind>
         <file>rts430_eabi.lib</file>
         <name>lsr64.obj</name>
      </input_file>
      <input_file id="fl-45">
         <path>C:\ti\ccsv8\tools\compiler\ti-cgt-msp430_16.9.7.LTS\lib\</path>
         <kind>archive</kind>
         <file>rts430_eabi.lib</file>
         <name>memcpy.obj</name>
      </input_file>
      <input_file id="fl-46">
         <path>C:\ti\ccsv8\tools\compiler\ti-cgt-msp430_16.9.7.LTS\lib\</path>
         <kind>archive</kind>
         <file>rts430_eabi.lib</file>
         <name>memset.obj</name>
      </input_file>
      <input_file id="fl-47">
         <path>C:\ti\ccsv8\tools\compiler\ti-cgt-msp430_16.9.7.LTS\lib\</path>
         <kind>archive</kind>
         <file>rts430_eabi.lib</file>
         <name>mpu_init.obj</name>
      </input_file>
      <input_file id="fl-48">
         <path>C:\ti\ccsv8\tools\compiler\ti-cgt-msp430_16.9.7.LTS\lib\</path>
         <kind>archive</kind>
         <file>rts430_eabi.lib</file>
         <name>mpyd.obj</name>
      </input_file>
      <input_file id="fl-49">
         <path>C:\ti\ccsv8\tools\compiler\ti-cgt-msp430_16.9.7.LTS\lib\</path>
         <kind>archive</kind>
         <file>rts430_eabi.lib</file>
         <name>mult16.obj</name>
      </input_file>
      <input_file id="fl-4a">
         <path>C:\ti\ccsv8\tools\compiler\ti-cgt-msp430_16.9.7.LTS\lib\</path>
         <kind>archive</kind>
         <file>rts430_eabi.lib</file>
         <name>mult32.obj</name>
      </input_file>
      <input_file id="fl-4b">
         <path>C:\ti\ccsv8\tools\compiler\ti-cgt-msp430_16.9.7.LTS\lib\</path>
         <kind>archive</kind>
         <file>rts430_eabi.lib</file>
         <name>pre_init.obj</name>
      </input_file>
      <input_file id="fl-4c">
         <path>C:\ti\ccsv8\tools\compiler\ti-cgt-msp430_16.9.7.LTS\lib\</path>
         <kind>archive</kind>
         <file>rts430_eabi.lib</file>
         <name>_lock.obj</name>
      </input_file>
      <input_file id="fl-4d">
         <path>C:\ti\ccsv8\tools\compiler\ti-cgt-msp430_16.9.7.LTS\lib\</path>
         <kind>archive</kind>
         <file>rts430_eabi.lib</file>
         <name>args_main.obj</name>
      </input_file>
      <input_file id="fl-4e">
         <path>C:\ti\ccsv8\tools\compiler\ti-cgt-msp430_16.9.7.LTS\lib\</path>
         <kind>archive</kind>
         <file>rts430_eabi.lib</file>
         <name>asr32.obj</name>
      </input_file>
      <input_file id="fl-4f">
         <path>C:\ti\ccsv8\tools\compiler\ti-cgt-msp430_16.9.7.LTS\lib\</path>
         <kind>archive</kind>
         <file>rts430_eabi.lib</file>
         <name>autoinit.obj</name>
      </input_file>
      <input_file id="fl-50">
         <path>C:\ti\ccsv8\tools\compiler\ti-cgt-msp430_16.9.7.LTS\lib\</path>
         <kind>archive</kind>
         <file>rts430_eabi.lib</file>
         <name>cpy_tbl.obj</name>
      </input_file>
      <input_file id="fl-51">
         <path>C:\ti\ccsv8\tools\compiler\ti-cgt-msp430_16.9.7.LTS\lib\</path>
         <kind>archive</kind>
         <file>rts430_eabi.lib</file>
         <name>frcmpyd.obj</name>
      </input_file>
      <input_file id="fl-52">
         <path>C:\ti\ccsv8\tools\compiler\ti-cgt-msp430_16.9.7.LTS\lib\</path>
         <kind>archive</kind>
         <file>rts430_eabi.lib</file>
         <name>lsr32.obj</name>
      </input_file>
      <input_file id="fl-53">
         <path>C:\ti\ccsv8\tools\compiler\ti-cgt-msp430_16.9.7.LTS\lib\</path>
         <kind>archive</kind>
         <file>rts430_eabi.lib</file>
         <name>startup.obj</name>
      </input_file>
   </input_file_list>
   <object_component_list>
      <object_component id="oc-24c">
         <name>.bss</name>
         <uninitialized>true</uninitialized>
         <run_address>0x226</run_address>
         <size>0x6</size>
         <input_file_ref idref="fl-2"/>
      </object_component>
      <object_component id="oc-270">
         <name>.bss</name>
         <uninitialized>true</uninitialized>
         <run_address>0x22c</run_address>
         <size>0x1</size>
         <input_file_ref idref="fl-8"/>
      </object_component>
      <object_component id="oc-181">
         <name>.data:port1_isr_tbl</name>
         <load_address>0x200</load_address>
         <run_address>0x200</run_address>
         <size>0x10</size>
         <input_file_ref idref="fl-9"/>
      </object_component>
      <object_component id="oc-18b">
         <name>.data:port2_isr_tbl</name>
         <load_address>0x210</load_address>
         <run_address>0x210</run_address>
         <size>0x10</size>
         <input_file_ref idref="fl-9"/>
      </object_component>
      <object_component id="oc-292">
         <name>.data:gpio3</name>
         <load_address>0x224</load_address>
         <run_address>0x224</run_address>
         <size>0x2</size>
         <input_file_ref idref="fl-a"/>
      </object_component>
      <object_component id="oc-295">
         <name>.data:gpio2</name>
         <load_address>0x222</load_address>
         <run_address>0x222</run_address>
         <size>0x2</size>
         <input_file_ref idref="fl-a"/>
      </object_component>
      <object_component id="oc-28f">
         <name>.data:gpio0</name>
         <load_address>0x220</load_address>
         <run_address>0x220</run_address>
         <size>0x2</size>
         <input_file_ref idref="fl-a"/>
      </object_component>
      <object_component id="oc-eb">
         <name>.stack</name>
         <uninitialized>true</uninitialized>
         <run_address>0x3b0</run_address>
         <size>0x2</size>
         <input_file_ref idref="fl-27"/>
      </object_component>
      <object_component id="oc-2fd">
         <name>.stack</name>
         <uninitialized>true</uninitialized>
         <run_address>0x3b0</run_address>
         <size>0x0</size>
      </object_component>
      <object_component id="oc-1ce">
         <name>.text:runRX</name>
         <load_address>0xc000</load_address>
         <run_address>0xc000</run_address>
         <size>0x9a</size>
         <input_file_ref idref="fl-2"/>
      </object_component>
      <object_component id="oc-2f">
         <name>.text:decompress:lzss:__TI_decompress_lzss</name>
         <load_address>0xc09a</load_address>
         <run_address>0xc09a</run_address>
         <size>0x7c</size>
         <input_file_ref idref="fl-29"/>
      </object_component>
      <object_component id="oc-2ad">
         <name>.text:trxReadWriteBurstSingle</name>
         <load_address>0xc116</load_address>
         <run_address>0xc116</run_address>
         <size>0x74</size>
         <input_file_ref idref="fl-b"/>
      </object_component>
      <object_component id="oc-13a">
         <name>.text:_auto_init</name>
         <load_address>0xc18a</load_address>
         <run_address>0xc18a</run_address>
         <size>0x6e</size>
         <input_file_ref idref="fl-4f"/>
      </object_component>
      <object_component id="oc-116">
         <name>.text:port1_ISR</name>
         <load_address>0xc1f8</load_address>
         <run_address>0xc1f8</run_address>
         <size>0x6a</size>
         <input_file_ref idref="fl-9"/>
      </object_component>
      <object_component id="oc-11c">
         <name>.text:port2_ISR</name>
         <load_address>0xc262</load_address>
         <run_address>0xc262</run_address>
         <size>0x6a</size>
         <input_file_ref idref="fl-9"/>
      </object_component>
      <object_component id="oc-298">
         <name>.text:halDigio2IntSetEdge</name>
         <load_address>0xc2cc</load_address>
         <run_address>0xc2cc</run_address>
         <size>0x64</size>
         <input_file_ref idref="fl-9"/>
      </object_component>
      <object_component id="oc-240">
         <name>.text:trxIsrConnect</name>
         <load_address>0xc330</load_address>
         <run_address>0xc330</run_address>
         <size>0x64</size>
         <input_file_ref idref="fl-a"/>
      </object_component>
      <object_component id="oc-194">
         <name>.text:copy_in</name>
         <load_address>0xc394</load_address>
         <run_address>0xc394</run_address>
         <size>0x5a</size>
         <input_file_ref idref="fl-50"/>
      </object_component>
      <object_component id="oc-288">
         <name>.text:trxClearIntFlag</name>
         <load_address>0xc3ee</load_address>
         <run_address>0xc3ee</run_address>
         <size>0x50</size>
         <input_file_ref idref="fl-a"/>
      </object_component>
      <object_component id="oc-246">
         <name>.text:trxEnableInt</name>
         <load_address>0xc43e</load_address>
         <run_address>0xc43e</run_address>
         <size>0x50</size>
         <input_file_ref idref="fl-a"/>
      </object_component>
      <object_component id="oc-1c2">
         <name>.text:exp430RfSpiInit</name>
         <load_address>0xc48e</load_address>
         <run_address>0xc48e</run_address>
         <size>0x4e</size>
         <input_file_ref idref="fl-b"/>
      </object_component>
      <object_component id="oc-21c">
         <name>.text:halDigio2IntConnect</name>
         <load_address>0xc4dc</load_address>
         <run_address>0xc4dc</run_address>
         <size>0x4c</size>
         <input_file_ref idref="fl-9"/>
      </object_component>
      <object_component id="oc-f4">
         <name>.text</name>
         <load_address>0xc528</load_address>
         <run_address>0xc528</run_address>
         <size>0x4c</size>
         <input_file_ref idref="fl-43"/>
      </object_component>
      <object_component id="oc-1c8">
         <name>.text:registerConfig</name>
         <load_address>0xc574</load_address>
         <run_address>0xc574</run_address>
         <size>0x40</size>
         <input_file_ref idref="fl-2"/>
      </object_component>
      <object_component id="oc-27e">
         <name>.text:trx8BitRegAccess</name>
         <load_address>0xc5b4</load_address>
         <run_address>0xc5b4</run_address>
         <size>0x40</size>
         <input_file_ref idref="fl-b"/>
      </object_component>
      <object_component id="oc-274">
         <name>.text:halDigio2IntClear</name>
         <load_address>0xc5f4</load_address>
         <run_address>0xc5f4</run_address>
         <size>0x36</size>
         <input_file_ref idref="fl-9"/>
      </object_component>
      <object_component id="oc-29f">
         <name>.text:halDigio2IntEnable</name>
         <load_address>0xc62a</load_address>
         <run_address>0xc62a</run_address>
         <size>0x36</size>
         <input_file_ref idref="fl-9"/>
      </object_component>
      <object_component id="oc-ef">
         <name>.text</name>
         <load_address>0xc660</load_address>
         <run_address>0xc660</run_address>
         <size>0x2c</size>
         <input_file_ref idref="fl-41"/>
      </object_component>
      <object_component id="oc-224">
         <name>.text:trxSpiCmdStrobe</name>
         <load_address>0xc68c</load_address>
         <run_address>0xc68c</run_address>
         <size>0x28</size>
         <input_file_ref idref="fl-b"/>
      </object_component>
      <object_component id="oc-216">
         <name>.text:buttonPressedISR</name>
         <load_address>0xc6b4</load_address>
         <run_address>0xc6b4</run_address>
         <size>0x1c</size>
         <input_file_ref idref="fl-8"/>
      </object_component>
      <object_component id="oc-1b6">
         <name>.text:halInitMCU</name>
         <load_address>0xc6d0</load_address>
         <run_address>0xc6d0</run_address>
         <size>0x1c</size>
         <input_file_ref idref="fl-8"/>
      </object_component>
      <object_component id="oc-65">
         <name>.text:_c_int00_noargs_noexit</name>
         <load_address>0xc6ec</load_address>
         <run_address>0xc6ec</run_address>
         <size>0x1a</size>
         <input_file_ref idref="fl-28"/>
      </object_component>
      <object_component id="oc-1bc">
         <name>.text:halButtonInterruptEnable</name>
         <load_address>0xc706</load_address>
         <run_address>0xc706</run_address>
         <size>0x1a</size>
         <input_file_ref idref="fl-8"/>
      </object_component>
      <object_component id="oc-154">
         <name>.text:main</name>
         <load_address>0xc720</load_address>
         <run_address>0xc720</run_address>
         <size>0x1a</size>
         <input_file_ref idref="fl-2"/>
      </object_component>
      <object_component id="oc-127">
         <name>.text:WDT_ISR</name>
         <load_address>0xc73a</load_address>
         <run_address>0xc73a</run_address>
         <size>0x14</size>
         <input_file_ref idref="fl-8"/>
      </object_component>
      <object_component id="oc-47">
         <name>.text:decompress:ZI:__TI_zero_init</name>
         <load_address>0xc74e</load_address>
         <run_address>0xc74e</run_address>
         <size>0x14</size>
         <input_file_ref idref="fl-2b"/>
      </object_component>
      <object_component id="oc-234">
         <name>.text:memset</name>
         <load_address>0xc762</load_address>
         <run_address>0xc762</run_address>
         <size>0x14</size>
         <input_file_ref idref="fl-46"/>
      </object_component>
      <object_component id="oc-1e6">
         <name>.text</name>
         <load_address>0xc776</load_address>
         <run_address>0xc776</run_address>
         <size>0x14</size>
         <input_file_ref idref="fl-49"/>
      </object_component>
      <object_component id="oc-24f">
         <name>.text:cc11xLSpiReadReg</name>
         <load_address>0xc78a</load_address>
         <run_address>0xc78a</run_address>
         <size>0x12</size>
         <input_file_ref idref="fl-4"/>
      </object_component>
      <object_component id="oc-255">
         <name>.text:cc11xLSpiReadRxFifo</name>
         <load_address>0xc79c</load_address>
         <run_address>0xc79c</run_address>
         <size>0x12</size>
         <input_file_ref idref="fl-4"/>
      </object_component>
      <object_component id="oc-22d">
         <name>.text:cc11xLSpiWriteReg</name>
         <load_address>0xc7ae</load_address>
         <run_address>0xc7ae</run_address>
         <size>0x12</size>
         <input_file_ref idref="fl-4"/>
      </object_component>
      <object_component id="oc-35">
         <name>.text:decompress:none:__TI_decompress_none</name>
         <load_address>0xc7c0</load_address>
         <run_address>0xc7c0</run_address>
         <size>0x12</size>
         <input_file_ref idref="fl-2a"/>
      </object_component>
      <object_component id="oc-109">
         <name>.text:memcpy</name>
         <load_address>0xc7d2</load_address>
         <run_address>0xc7d2</run_address>
         <size>0x12</size>
         <input_file_ref idref="fl-45"/>
      </object_component>
      <object_component id="oc-f9">
         <name>.text</name>
         <load_address>0xc7e4</load_address>
         <run_address>0xc7e4</run_address>
         <size>0x10</size>
         <input_file_ref idref="fl-30"/>
      </object_component>
      <object_component id="oc-23a">
         <name>.text:radioRxTxISR</name>
         <load_address>0xc7f4</load_address>
         <run_address>0xc7f4</run_address>
         <size>0xc</size>
         <input_file_ref idref="fl-2"/>
      </object_component>
      <object_component id="oc-122">
         <name>.text:_isr:__TI_ISR_TRAP</name>
         <load_address>0xc800</load_address>
         <run_address>0xc800</run_address>
         <size>0x8</size>
         <input_file_ref idref="fl-40"/>
      </object_component>
      <object_component id="oc-15c">
         <name>.text:abort</name>
         <load_address>0xc808</load_address>
         <run_address>0xc808</run_address>
         <size>0x6</size>
         <input_file_ref idref="fl-31"/>
      </object_component>
      <object_component id="oc-134">
         <name>.text:_system_pre_init</name>
         <load_address>0xc80e</load_address>
         <run_address>0xc80e</run_address>
         <size>0x4</size>
         <input_file_ref idref="fl-4b"/>
      </object_component>
      <object_component id="oc-19a">
         <name>.text:_system_post_cinit</name>
         <load_address>0xc812</load_address>
         <run_address>0xc812</run_address>
         <size>0x2</size>
         <input_file_ref idref="fl-53"/>
      </object_component>
      <object_component id="oc-2fc">
         <name>.cinit..data.load</name>
         <load_address>0xc86c</load_address>
         <run_address>0xc86c</run_address>
         <size>0xf</size>
      </object_component>
      <object_component id="oc-2f9">
         <name>__TI_handler_table</name>
         <load_address>0xc87c</load_address>
         <run_address>0xc87c</run_address>
         <size>0x6</size>
      </object_component>
      <object_component id="oc-2fb">
         <name>.cinit..bss.load</name>
         <load_address>0xc882</load_address>
         <run_address>0xc882</run_address>
         <size>0x4</size>
      </object_component>
      <object_component id="oc-2fa">
         <name>__TI_cinit_table</name>
         <load_address>0xc886</load_address>
         <run_address>0xc886</run_address>
         <size>0x8</size>
      </object_component>
      <object_component id="oc-22a">
         <name>.const:preferredSettings</name>
         <load_address>0xc814</load_address>
         <run_address>0xc814</run_address>
         <size>0x58</size>
         <input_file_ref idref="fl-2"/>
      </object_component>
      <object_component id="oc-3b">
         <name>.int02</name>
         <load_address>0xffe4</load_address>
         <run_address>0xffe4</run_address>
         <size>0x2</size>
         <input_file_ref idref="fl-9"/>
      </object_component>
      <object_component id="oc-3c">
         <name>.int03</name>
         <load_address>0xffe6</load_address>
         <run_address>0xffe6</run_address>
         <size>0x2</size>
         <input_file_ref idref="fl-9"/>
      </object_component>
      <object_component id="oc-3d">
         <name>.int05</name>
         <load_address>0xffea</load_address>
         <run_address>0xffea</run_address>
         <size>0x2</size>
         <input_file_ref idref="fl-37"/>
      </object_component>
      <object_component id="oc-3e">
         <name>.int06</name>
         <load_address>0xffec</load_address>
         <run_address>0xffec</run_address>
         <size>0x2</size>
         <input_file_ref idref="fl-38"/>
      </object_component>
      <object_component id="oc-3f">
         <name>.int07</name>
         <load_address>0xffee</load_address>
         <run_address>0xffee</run_address>
         <size>0x2</size>
         <input_file_ref idref="fl-39"/>
      </object_component>
      <object_component id="oc-40">
         <name>.int08</name>
         <load_address>0xfff0</load_address>
         <run_address>0xfff0</run_address>
         <size>0x2</size>
         <input_file_ref idref="fl-3a"/>
      </object_component>
      <object_component id="oc-41">
         <name>.int09</name>
         <load_address>0xfff2</load_address>
         <run_address>0xfff2</run_address>
         <size>0x2</size>
         <input_file_ref idref="fl-3b"/>
      </object_component>
      <object_component id="oc-42">
         <name>.int10</name>
         <load_address>0xfff4</load_address>
         <run_address>0xfff4</run_address>
         <size>0x2</size>
         <input_file_ref idref="fl-8"/>
      </object_component>
      <object_component id="oc-43">
         <name>.int11</name>
         <load_address>0xfff6</load_address>
         <run_address>0xfff6</run_address>
         <size>0x2</size>
         <input_file_ref idref="fl-3c"/>
      </object_component>
      <object_component id="oc-44">
         <name>.int12</name>
         <load_address>0xfff8</load_address>
         <run_address>0xfff8</run_address>
         <size>0x2</size>
         <input_file_ref idref="fl-3d"/>
      </object_component>
      <object_component id="oc-45">
         <name>.int13</name>
         <load_address>0xfffa</load_address>
         <run_address>0xfffa</run_address>
         <size>0x2</size>
         <input_file_ref idref="fl-3e"/>
      </object_component>
      <object_component id="oc-46">
         <name>.int14</name>
         <load_address>0xfffc</load_address>
         <run_address>0xfffc</run_address>
         <size>0x2</size>
         <input_file_ref idref="fl-3f"/>
      </object_component>
      <object_component id="oc-ee">
         <name>.reset</name>
         <load_address>0xfffe</load_address>
         <run_address>0xfffe</run_address>
         <size>0x2</size>
         <input_file_ref idref="fl-27"/>
      </object_component>
      <object_component id="oc-1dc">
         <name>.debug_info</name>
         <load_address>0x0</load_address>
         <run_address>0x0</run_address>
         <size>0x4a3</size>
         <input_file_ref idref="fl-2"/>
      </object_component>
      <object_component id="oc-22b">
         <name>.debug_info</name>
         <load_address>0x4a3</load_address>
         <run_address>0x4a3</run_address>
         <size>0x197</size>
         <input_file_ref idref="fl-2"/>
      </object_component>
      <object_component id="oc-24d">
         <name>.debug_info</name>
         <load_address>0x63a</load_address>
         <run_address>0x63a</run_address>
         <size>0x1bd</size>
         <input_file_ref idref="fl-2"/>
      </object_component>
      <object_component id="oc-155">
         <name>.debug_info</name>
         <load_address>0x7f7</load_address>
         <run_address>0x7f7</run_address>
         <size>0x2a5</size>
         <input_file_ref idref="fl-2"/>
      </object_component>
      <object_component id="oc-1cf">
         <name>.debug_info</name>
         <load_address>0xa9c</load_address>
         <run_address>0xa9c</run_address>
         <size>0x337</size>
         <input_file_ref idref="fl-2"/>
      </object_component>
      <object_component id="oc-23b">
         <name>.debug_info</name>
         <load_address>0xdd3</load_address>
         <run_address>0xdd3</run_address>
         <size>0x263</size>
         <input_file_ref idref="fl-2"/>
      </object_component>
      <object_component id="oc-1c9">
         <name>.debug_info</name>
         <load_address>0x1036</load_address>
         <run_address>0x1036</run_address>
         <size>0x2a6</size>
         <input_file_ref idref="fl-2"/>
      </object_component>
      <object_component id="oc-25e">
         <name>.debug_info</name>
         <load_address>0x12dc</load_address>
         <run_address>0x12dc</run_address>
         <size>0x6b</size>
         <input_file_ref idref="fl-2"/>
      </object_component>
      <object_component id="oc-1df">
         <name>.debug_info</name>
         <load_address>0x1347</load_address>
         <run_address>0x1347</run_address>
         <size>0x5e</size>
         <input_file_ref idref="fl-2"/>
      </object_component>
      <object_component id="oc-104">
         <name>.debug_info</name>
         <load_address>0x13a5</load_address>
         <run_address>0x13a5</run_address>
         <size>0x84</size>
         <input_file_ref idref="fl-2"/>
      </object_component>
      <object_component id="oc-185">
         <name>.debug_info</name>
         <load_address>0x1429</load_address>
         <run_address>0x1429</run_address>
         <size>0x94</size>
         <input_file_ref idref="fl-2"/>
      </object_component>
      <object_component id="oc-285">
         <name>.debug_info</name>
         <load_address>0x14bd</load_address>
         <run_address>0x14bd</run_address>
         <size>0x247</size>
         <input_file_ref idref="fl-4"/>
      </object_component>
      <object_component id="oc-250">
         <name>.debug_info</name>
         <load_address>0x1704</load_address>
         <run_address>0x1704</run_address>
         <size>0x268</size>
         <input_file_ref idref="fl-4"/>
      </object_component>
      <object_component id="oc-22e">
         <name>.debug_info</name>
         <load_address>0x196c</load_address>
         <run_address>0x196c</run_address>
         <size>0x26a</size>
         <input_file_ref idref="fl-4"/>
      </object_component>
      <object_component id="oc-256">
         <name>.debug_info</name>
         <load_address>0x1bd6</load_address>
         <run_address>0x1bd6</run_address>
         <size>0x24c</size>
         <input_file_ref idref="fl-4"/>
      </object_component>
      <object_component id="oc-271">
         <name>.debug_info</name>
         <load_address>0x1e22</load_address>
         <run_address>0x1e22</run_address>
         <size>0x170</size>
         <input_file_ref idref="fl-8"/>
      </object_component>
      <object_component id="oc-1b7">
         <name>.debug_info</name>
         <load_address>0x1f92</load_address>
         <run_address>0x1f92</run_address>
         <size>0x1ed</size>
         <input_file_ref idref="fl-8"/>
      </object_component>
      <object_component id="oc-1bd">
         <name>.debug_info</name>
         <load_address>0x217f</load_address>
         <run_address>0x217f</run_address>
         <size>0x231</size>
         <input_file_ref idref="fl-8"/>
      </object_component>
      <object_component id="oc-217">
         <name>.debug_info</name>
         <load_address>0x23b0</load_address>
         <run_address>0x23b0</run_address>
         <size>0x1f8</size>
         <input_file_ref idref="fl-8"/>
      </object_component>
      <object_component id="oc-128">
         <name>.debug_info</name>
         <load_address>0x25a8</load_address>
         <run_address>0x25a8</run_address>
         <size>0x1e8</size>
         <input_file_ref idref="fl-8"/>
      </object_component>
      <object_component id="oc-18a">
         <name>.debug_info</name>
         <load_address>0x2790</load_address>
         <run_address>0x2790</run_address>
         <size>0x335</size>
         <input_file_ref idref="fl-9"/>
      </object_component>
      <object_component id="oc-182">
         <name>.debug_info</name>
         <load_address>0x2ac5</load_address>
         <run_address>0x2ac5</run_address>
         <size>0x171</size>
         <input_file_ref idref="fl-9"/>
      </object_component>
      <object_component id="oc-18c">
         <name>.debug_info</name>
         <load_address>0x2c36</load_address>
         <run_address>0x2c36</run_address>
         <size>0x171</size>
         <input_file_ref idref="fl-9"/>
      </object_component>
      <object_component id="oc-21d">
         <name>.debug_info</name>
         <load_address>0x2da7</load_address>
         <run_address>0x2da7</run_address>
         <size>0x275</size>
         <input_file_ref idref="fl-9"/>
      </object_component>
      <object_component id="oc-2a0">
         <name>.debug_info</name>
         <load_address>0x301c</load_address>
         <run_address>0x301c</run_address>
         <size>0x26c</size>
         <input_file_ref idref="fl-9"/>
      </object_component>
      <object_component id="oc-275">
         <name>.debug_info</name>
         <load_address>0x3288</load_address>
         <run_address>0x3288</run_address>
         <size>0x26a</size>
         <input_file_ref idref="fl-9"/>
      </object_component>
      <object_component id="oc-299">
         <name>.debug_info</name>
         <load_address>0x34f2</load_address>
         <run_address>0x34f2</run_address>
         <size>0x290</size>
         <input_file_ref idref="fl-9"/>
      </object_component>
      <object_component id="oc-117">
         <name>.debug_info</name>
         <load_address>0x3782</load_address>
         <run_address>0x3782</run_address>
         <size>0x22c</size>
         <input_file_ref idref="fl-9"/>
      </object_component>
      <object_component id="oc-11d">
         <name>.debug_info</name>
         <load_address>0x39ae</load_address>
         <run_address>0x39ae</run_address>
         <size>0x22c</size>
         <input_file_ref idref="fl-9"/>
      </object_component>
      <object_component id="oc-293">
         <name>.debug_info</name>
         <load_address>0x3bda</load_address>
         <run_address>0x3bda</run_address>
         <size>0x16f</size>
         <input_file_ref idref="fl-a"/>
      </object_component>
      <object_component id="oc-296">
         <name>.debug_info</name>
         <load_address>0x3d49</load_address>
         <run_address>0x3d49</run_address>
         <size>0x16f</size>
         <input_file_ref idref="fl-a"/>
      </object_component>
      <object_component id="oc-290">
         <name>.debug_info</name>
         <load_address>0x3eb8</load_address>
         <run_address>0x3eb8</run_address>
         <size>0x16f</size>
         <input_file_ref idref="fl-a"/>
      </object_component>
      <object_component id="oc-241">
         <name>.debug_info</name>
         <load_address>0x4027</load_address>
         <run_address>0x4027</run_address>
         <size>0x2f1</size>
         <input_file_ref idref="fl-a"/>
      </object_component>
      <object_component id="oc-289">
         <name>.debug_info</name>
         <load_address>0x4318</load_address>
         <run_address>0x4318</run_address>
         <size>0x29d</size>
         <input_file_ref idref="fl-a"/>
      </object_component>
      <object_component id="oc-247">
         <name>.debug_info</name>
         <load_address>0x45b5</load_address>
         <run_address>0x45b5</run_address>
         <size>0x298</size>
         <input_file_ref idref="fl-a"/>
      </object_component>
      <object_component id="oc-2b4">
         <name>.debug_info</name>
         <load_address>0x484d</load_address>
         <run_address>0x484d</run_address>
         <size>0x350</size>
         <input_file_ref idref="fl-b"/>
      </object_component>
      <object_component id="oc-1c3">
         <name>.debug_info</name>
         <load_address>0x4b9d</load_address>
         <run_address>0x4b9d</run_address>
         <size>0x218</size>
         <input_file_ref idref="fl-b"/>
      </object_component>
      <object_component id="oc-27f">
         <name>.debug_info</name>
         <load_address>0x4db5</load_address>
         <run_address>0x4db5</run_address>
         <size>0x307</size>
         <input_file_ref idref="fl-b"/>
      </object_component>
      <object_component id="oc-225">
         <name>.debug_info</name>
         <load_address>0x50bc</load_address>
         <run_address>0x50bc</run_address>
         <size>0x247</size>
         <input_file_ref idref="fl-b"/>
      </object_component>
      <object_component id="oc-2ae">
         <name>.debug_info</name>
         <load_address>0x5303</load_address>
         <run_address>0x5303</run_address>
         <size>0x299</size>
         <input_file_ref idref="fl-b"/>
      </object_component>
      <object_component id="oc-ec">
         <name>.debug_info</name>
         <load_address>0x559c</load_address>
         <run_address>0x559c</run_address>
         <size>0xf5</size>
         <input_file_ref idref="fl-27"/>
      </object_component>
      <object_component id="oc-68">
         <name>.debug_info</name>
         <load_address>0x5691</load_address>
         <run_address>0x5691</run_address>
         <size>0x196</size>
         <input_file_ref idref="fl-28"/>
      </object_component>
      <object_component id="oc-172">
         <name>.debug_info</name>
         <load_address>0x5827</load_address>
         <run_address>0x5827</run_address>
         <size>0x16b</size>
         <input_file_ref idref="fl-29"/>
      </object_component>
      <object_component id="oc-30">
         <name>.debug_info</name>
         <load_address>0x5992</load_address>
         <run_address>0x5992</run_address>
         <size>0x287</size>
         <input_file_ref idref="fl-29"/>
      </object_component>
      <object_component id="oc-ff">
         <name>.debug_info</name>
         <load_address>0x5c19</load_address>
         <run_address>0x5c19</run_address>
         <size>0x60</size>
         <input_file_ref idref="fl-29"/>
      </object_component>
      <object_component id="oc-16d">
         <name>.debug_info</name>
         <load_address>0x5c79</load_address>
         <run_address>0x5c79</run_address>
         <size>0x46</size>
         <input_file_ref idref="fl-29"/>
      </object_component>
      <object_component id="oc-115">
         <name>.debug_info</name>
         <load_address>0x5cbf</load_address>
         <run_address>0x5cbf</run_address>
         <size>0x1b2</size>
         <input_file_ref idref="fl-2a"/>
      </object_component>
      <object_component id="oc-36">
         <name>.debug_info</name>
         <load_address>0x5e71</load_address>
         <run_address>0x5e71</run_address>
         <size>0x1df</size>
         <input_file_ref idref="fl-2a"/>
      </object_component>
      <object_component id="oc-110">
         <name>.debug_info</name>
         <load_address>0x6050</load_address>
         <run_address>0x6050</run_address>
         <size>0x46</size>
         <input_file_ref idref="fl-2a"/>
      </object_component>
      <object_component id="oc-17a">
         <name>.debug_info</name>
         <load_address>0x6096</load_address>
         <run_address>0x6096</run_address>
         <size>0x2c</size>
         <input_file_ref idref="fl-2a"/>
      </object_component>
      <object_component id="oc-133">
         <name>.debug_info</name>
         <load_address>0x60c2</load_address>
         <run_address>0x60c2</run_address>
         <size>0x16a</size>
         <input_file_ref idref="fl-2b"/>
      </object_component>
      <object_component id="oc-48">
         <name>.debug_info</name>
         <load_address>0x622c</load_address>
         <run_address>0x622c</run_address>
         <size>0x1b5</size>
         <input_file_ref idref="fl-2b"/>
      </object_component>
      <object_component id="oc-12e">
         <name>.debug_info</name>
         <load_address>0x63e1</load_address>
         <run_address>0x63e1</run_address>
         <size>0x46</size>
         <input_file_ref idref="fl-2b"/>
      </object_component>
      <object_component id="oc-175">
         <name>.debug_info</name>
         <load_address>0x6427</load_address>
         <run_address>0x6427</run_address>
         <size>0x2c</size>
         <input_file_ref idref="fl-2b"/>
      </object_component>
      <object_component id="oc-fa">
         <name>.debug_info</name>
         <load_address>0x6453</load_address>
         <run_address>0x6453</run_address>
         <size>0x126</size>
         <input_file_ref idref="fl-30"/>
      </object_component>
      <object_component id="oc-160">
         <name>.debug_info</name>
         <load_address>0x6579</load_address>
         <run_address>0x6579</run_address>
         <size>0x117</size>
         <input_file_ref idref="fl-31"/>
      </object_component>
      <object_component id="oc-123">
         <name>.debug_info</name>
         <load_address>0x6690</load_address>
         <run_address>0x6690</run_address>
         <size>0x107</size>
         <input_file_ref idref="fl-40"/>
      </object_component>
      <object_component id="oc-f2">
         <name>.debug_info</name>
         <load_address>0x6797</load_address>
         <run_address>0x6797</run_address>
         <size>0x118</size>
         <input_file_ref idref="fl-41"/>
      </object_component>
      <object_component id="oc-f5">
         <name>.debug_info</name>
         <load_address>0x68af</load_address>
         <run_address>0x68af</run_address>
         <size>0x118</size>
         <input_file_ref idref="fl-43"/>
      </object_component>
      <object_component id="oc-174">
         <name>.debug_info</name>
         <load_address>0x69c7</load_address>
         <run_address>0x69c7</run_address>
         <size>0x16d</size>
         <input_file_ref idref="fl-45"/>
      </object_component>
      <object_component id="oc-10a">
         <name>.debug_info</name>
         <load_address>0x6b34</load_address>
         <run_address>0x6b34</run_address>
         <size>0x191</size>
         <input_file_ref idref="fl-45"/>
      </object_component>
      <object_component id="oc-287">
         <name>.debug_info</name>
         <load_address>0x6cc5</load_address>
         <run_address>0x6cc5</run_address>
         <size>0x162</size>
         <input_file_ref idref="fl-46"/>
      </object_component>
      <object_component id="oc-237">
         <name>.debug_info</name>
         <load_address>0x6e27</load_address>
         <run_address>0x6e27</run_address>
         <size>0x25a</size>
         <input_file_ref idref="fl-46"/>
      </object_component>
      <object_component id="oc-1e9">
         <name>.debug_info</name>
         <load_address>0x7081</load_address>
         <run_address>0x7081</run_address>
         <size>0x119</size>
         <input_file_ref idref="fl-49"/>
      </object_component>
      <object_component id="oc-138">
         <name>.debug_info</name>
         <load_address>0x719a</load_address>
         <run_address>0x719a</run_address>
         <size>0x148</size>
         <input_file_ref idref="fl-4b"/>
      </object_component>
      <object_component id="oc-1a1">
         <name>.debug_info</name>
         <load_address>0x72e2</load_address>
         <run_address>0x72e2</run_address>
         <size>0x3b6</size>
         <input_file_ref idref="fl-4f"/>
      </object_component>
      <object_component id="oc-13d">
         <name>.debug_info</name>
         <load_address>0x7698</load_address>
         <run_address>0x7698</run_address>
         <size>0x1c2</size>
         <input_file_ref idref="fl-4f"/>
      </object_component>
      <object_component id="oc-1f0">
         <name>.debug_info</name>
         <load_address>0x785a</load_address>
         <run_address>0x785a</run_address>
         <size>0x39</size>
         <input_file_ref idref="fl-4f"/>
      </object_component>
      <object_component id="oc-1f5">
         <name>.debug_info</name>
         <load_address>0x7893</load_address>
         <run_address>0x7893</run_address>
         <size>0xcd</size>
         <input_file_ref idref="fl-4f"/>
      </object_component>
      <object_component id="oc-1ec">
         <name>.debug_info</name>
         <load_address>0x7960</load_address>
         <run_address>0x7960</run_address>
         <size>0x252</size>
         <input_file_ref idref="fl-50"/>
      </object_component>
      <object_component id="oc-195">
         <name>.debug_info</name>
         <load_address>0x7bb2</load_address>
         <run_address>0x7bb2</run_address>
         <size>0x1b0</size>
         <input_file_ref idref="fl-50"/>
      </object_component>
      <object_component id="oc-266">
         <name>.debug_info</name>
         <load_address>0x7d62</load_address>
         <run_address>0x7d62</run_address>
         <size>0x2c</size>
         <input_file_ref idref="fl-50"/>
      </object_component>
      <object_component id="oc-19b">
         <name>.debug_info</name>
         <load_address>0x7d8e</load_address>
         <run_address>0x7d8e</run_address>
         <size>0x145</size>
         <input_file_ref idref="fl-53"/>
      </object_component>
      <object_component id="oc-2fe">
         <name>.debug_info</name>
         <load_address>0x7ed3</load_address>
         <run_address>0x7ed3</run_address>
         <size>0x10d</size>
      </object_component>
      <object_component id="oc-25d">
         <name>.debug_line</name>
         <load_address>0x0</load_address>
         <run_address>0x0</run_address>
         <size>0x3b0</size>
         <input_file_ref idref="fl-2"/>
      </object_component>
      <object_component id="oc-27d">
         <name>.debug_line</name>
         <load_address>0x3b0</load_address>
         <run_address>0x3b0</run_address>
         <size>0x80</size>
         <input_file_ref idref="fl-2"/>
      </object_component>
      <object_component id="oc-2a7">
         <name>.debug_line</name>
         <load_address>0x430</load_address>
         <run_address>0x430</run_address>
         <size>0x78</size>
         <input_file_ref idref="fl-2"/>
      </object_component>
      <object_component id="oc-158">
         <name>.debug_line</name>
         <load_address>0x4a8</load_address>
         <run_address>0x4a8</run_address>
         <size>0x90</size>
         <input_file_ref idref="fl-2"/>
      </object_component>
      <object_component id="oc-1d2">
         <name>.debug_line</name>
         <load_address>0x538</load_address>
         <run_address>0x538</run_address>
         <size>0xad</size>
         <input_file_ref idref="fl-2"/>
      </object_component>
      <object_component id="oc-23e">
         <name>.debug_line</name>
         <load_address>0x5e5</load_address>
         <run_address>0x5e5</run_address>
         <size>0x91</size>
         <input_file_ref idref="fl-2"/>
      </object_component>
      <object_component id="oc-1cc">
         <name>.debug_line</name>
         <load_address>0x676</load_address>
         <run_address>0x676</run_address>
         <size>0x98</size>
         <input_file_ref idref="fl-2"/>
      </object_component>
      <object_component id="oc-261">
         <name>.debug_line</name>
         <load_address>0x70e</load_address>
         <run_address>0x70e</run_address>
         <size>0xfd</size>
         <input_file_ref idref="fl-2"/>
      </object_component>
      <object_component id="oc-1e2">
         <name>.debug_line</name>
         <load_address>0x80b</load_address>
         <run_address>0x80b</run_address>
         <size>0xf0</size>
         <input_file_ref idref="fl-2"/>
      </object_component>
      <object_component id="oc-107">
         <name>.debug_line</name>
         <load_address>0x8fb</load_address>
         <run_address>0x8fb</run_address>
         <size>0x20</size>
         <input_file_ref idref="fl-2"/>
      </object_component>
      <object_component id="oc-188">
         <name>.debug_line</name>
         <load_address>0x91b</load_address>
         <run_address>0x91b</run_address>
         <size>0xe4</size>
         <input_file_ref idref="fl-2"/>
      </object_component>
      <object_component id="oc-2b6">
         <name>.debug_line</name>
         <load_address>0x9ff</load_address>
         <run_address>0x9ff</run_address>
         <size>0xfd</size>
         <input_file_ref idref="fl-4"/>
      </object_component>
      <object_component id="oc-253">
         <name>.debug_line</name>
         <load_address>0xafc</load_address>
         <run_address>0xafc</run_address>
         <size>0x67</size>
         <input_file_ref idref="fl-4"/>
      </object_component>
      <object_component id="oc-231">
         <name>.debug_line</name>
         <load_address>0xb63</load_address>
         <run_address>0xb63</run_address>
         <size>0x69</size>
         <input_file_ref idref="fl-4"/>
      </object_component>
      <object_component id="oc-259">
         <name>.debug_line</name>
         <load_address>0xbcc</load_address>
         <run_address>0xbcc</run_address>
         <size>0x6a</size>
         <input_file_ref idref="fl-4"/>
      </object_component>
      <object_component id="oc-2ab">
         <name>.debug_line</name>
         <load_address>0xc36</load_address>
         <run_address>0xc36</run_address>
         <size>0x59</size>
         <input_file_ref idref="fl-8"/>
      </object_component>
      <object_component id="oc-1ba">
         <name>.debug_line</name>
         <load_address>0xc8f</load_address>
         <run_address>0xc8f</run_address>
         <size>0x70</size>
         <input_file_ref idref="fl-8"/>
      </object_component>
      <object_component id="oc-1c0">
         <name>.debug_line</name>
         <load_address>0xcff</load_address>
         <run_address>0xcff</run_address>
         <size>0x71</size>
         <input_file_ref idref="fl-8"/>
      </object_component>
      <object_component id="oc-21a">
         <name>.debug_line</name>
         <load_address>0xd70</load_address>
         <run_address>0xd70</run_address>
         <size>0x74</size>
         <input_file_ref idref="fl-8"/>
      </object_component>
      <object_component id="oc-12b">
         <name>.debug_line</name>
         <load_address>0xde4</load_address>
         <run_address>0xde4</run_address>
         <size>0x72</size>
         <input_file_ref idref="fl-8"/>
      </object_component>
      <object_component id="oc-1de">
         <name>.debug_line</name>
         <load_address>0xe56</load_address>
         <run_address>0xe56</run_address>
         <size>0xa1</size>
         <input_file_ref idref="fl-9"/>
      </object_component>
      <object_component id="oc-1db">
         <name>.debug_line</name>
         <load_address>0xef7</load_address>
         <run_address>0xef7</run_address>
         <size>0x5a</size>
         <input_file_ref idref="fl-9"/>
      </object_component>
      <object_component id="oc-1e5">
         <name>.debug_line</name>
         <load_address>0xf51</load_address>
         <run_address>0xf51</run_address>
         <size>0x5a</size>
         <input_file_ref idref="fl-9"/>
      </object_component>
      <object_component id="oc-220">
         <name>.debug_line</name>
         <load_address>0xfab</load_address>
         <run_address>0xfab</run_address>
         <size>0x82</size>
         <input_file_ref idref="fl-9"/>
      </object_component>
      <object_component id="oc-2a3">
         <name>.debug_line</name>
         <load_address>0x102d</load_address>
         <run_address>0x102d</run_address>
         <size>0x81</size>
         <input_file_ref idref="fl-9"/>
      </object_component>
      <object_component id="oc-278">
         <name>.debug_line</name>
         <load_address>0x10ae</load_address>
         <run_address>0x10ae</run_address>
         <size>0x82</size>
         <input_file_ref idref="fl-9"/>
      </object_component>
      <object_component id="oc-29c">
         <name>.debug_line</name>
         <load_address>0x1130</load_address>
         <run_address>0x1130</run_address>
         <size>0xa4</size>
         <input_file_ref idref="fl-9"/>
      </object_component>
      <object_component id="oc-11a">
         <name>.debug_line</name>
         <load_address>0x11d4</load_address>
         <run_address>0x11d4</run_address>
         <size>0x85</size>
         <input_file_ref idref="fl-9"/>
      </object_component>
      <object_component id="oc-120">
         <name>.debug_line</name>
         <load_address>0x1259</load_address>
         <run_address>0x1259</run_address>
         <size>0x85</size>
         <input_file_ref idref="fl-9"/>
      </object_component>
      <object_component id="oc-2bd">
         <name>.debug_line</name>
         <load_address>0x12de</load_address>
         <run_address>0x12de</run_address>
         <size>0x67</size>
         <input_file_ref idref="fl-a"/>
      </object_component>
      <object_component id="oc-2bf">
         <name>.debug_line</name>
         <load_address>0x1345</load_address>
         <run_address>0x1345</run_address>
         <size>0x67</size>
         <input_file_ref idref="fl-a"/>
      </object_component>
      <object_component id="oc-2bb">
         <name>.debug_line</name>
         <load_address>0x13ac</load_address>
         <run_address>0x13ac</run_address>
         <size>0x67</size>
         <input_file_ref idref="fl-a"/>
      </object_component>
      <object_component id="oc-244">
         <name>.debug_line</name>
         <load_address>0x1413</load_address>
         <run_address>0x1413</run_address>
         <size>0x89</size>
         <input_file_ref idref="fl-a"/>
      </object_component>
      <object_component id="oc-28c">
         <name>.debug_line</name>
         <load_address>0x149c</load_address>
         <run_address>0x149c</run_address>
         <size>0x89</size>
         <input_file_ref idref="fl-a"/>
      </object_component>
      <object_component id="oc-24a">
         <name>.debug_line</name>
         <load_address>0x1525</load_address>
         <run_address>0x1525</run_address>
         <size>0x89</size>
         <input_file_ref idref="fl-a"/>
      </object_component>
      <object_component id="oc-2c4">
         <name>.debug_line</name>
         <load_address>0x15ae</load_address>
         <run_address>0x15ae</run_address>
         <size>0x55</size>
         <input_file_ref idref="fl-b"/>
      </object_component>
      <object_component id="oc-1c6">
         <name>.debug_line</name>
         <load_address>0x1603</load_address>
         <run_address>0x1603</run_address>
         <size>0x87</size>
         <input_file_ref idref="fl-b"/>
      </object_component>
      <object_component id="oc-282">
         <name>.debug_line</name>
         <load_address>0x168a</load_address>
         <run_address>0x168a</run_address>
         <size>0x81</size>
         <input_file_ref idref="fl-b"/>
      </object_component>
      <object_component id="oc-228">
         <name>.debug_line</name>
         <load_address>0x170b</load_address>
         <run_address>0x170b</run_address>
         <size>0x80</size>
         <input_file_ref idref="fl-b"/>
      </object_component>
      <object_component id="oc-2b1">
         <name>.debug_line</name>
         <load_address>0x178b</load_address>
         <run_address>0x178b</run_address>
         <size>0xb2</size>
         <input_file_ref idref="fl-b"/>
      </object_component>
      <object_component id="oc-169">
         <name>.debug_line</name>
         <load_address>0x183d</load_address>
         <run_address>0x183d</run_address>
         <size>0x2a</size>
         <input_file_ref idref="fl-27"/>
      </object_component>
      <object_component id="oc-6a">
         <name>.debug_line</name>
         <load_address>0x1867</load_address>
         <run_address>0x1867</run_address>
         <size>0x4c</size>
         <input_file_ref idref="fl-28"/>
      </object_component>
      <object_component id="oc-1d7">
         <name>.debug_line</name>
         <load_address>0x18b3</load_address>
         <run_address>0x18b3</run_address>
         <size>0x20</size>
         <input_file_ref idref="fl-29"/>
      </object_component>
      <object_component id="oc-33">
         <name>.debug_line</name>
         <load_address>0x18d3</load_address>
         <run_address>0x18d3</run_address>
         <size>0x92</size>
         <input_file_ref idref="fl-29"/>
      </object_component>
      <object_component id="oc-102">
         <name>.debug_line</name>
         <load_address>0x1965</load_address>
         <run_address>0x1965</run_address>
         <size>0x3a</size>
         <input_file_ref idref="fl-29"/>
      </object_component>
      <object_component id="oc-170">
         <name>.debug_line</name>
         <load_address>0x199f</load_address>
         <run_address>0x199f</run_address>
         <size>0x8a</size>
         <input_file_ref idref="fl-29"/>
      </object_component>
      <object_component id="oc-180">
         <name>.debug_line</name>
         <load_address>0x1a29</load_address>
         <run_address>0x1a29</run_address>
         <size>0x8a</size>
         <input_file_ref idref="fl-2a"/>
      </object_component>
      <object_component id="oc-39">
         <name>.debug_line</name>
         <load_address>0x1ab3</load_address>
         <run_address>0x1ab3</run_address>
         <size>0x50</size>
         <input_file_ref idref="fl-2a"/>
      </object_component>
      <object_component id="oc-113">
         <name>.debug_line</name>
         <load_address>0x1b03</load_address>
         <run_address>0x1b03</run_address>
         <size>0x3a</size>
         <input_file_ref idref="fl-2a"/>
      </object_component>
      <object_component id="oc-17d">
         <name>.debug_line</name>
         <load_address>0x1b3d</load_address>
         <run_address>0x1b3d</run_address>
         <size>0x8a</size>
         <input_file_ref idref="fl-2a"/>
      </object_component>
      <object_component id="oc-192">
         <name>.debug_line</name>
         <load_address>0x1bc7</load_address>
         <run_address>0x1bc7</run_address>
         <size>0x20</size>
         <input_file_ref idref="fl-2b"/>
      </object_component>
      <object_component id="oc-4b">
         <name>.debug_line</name>
         <load_address>0x1be7</load_address>
         <run_address>0x1be7</run_address>
         <size>0x4d</size>
         <input_file_ref idref="fl-2b"/>
      </object_component>
      <object_component id="oc-131">
         <name>.debug_line</name>
         <load_address>0x1c34</load_address>
         <run_address>0x1c34</run_address>
         <size>0x34</size>
         <input_file_ref idref="fl-2b"/>
      </object_component>
      <object_component id="oc-178">
         <name>.debug_line</name>
         <load_address>0x1c68</load_address>
         <run_address>0x1c68</run_address>
         <size>0x8a</size>
         <input_file_ref idref="fl-2b"/>
      </object_component>
      <object_component id="oc-fd">
         <name>.debug_line</name>
         <load_address>0x1cf2</load_address>
         <run_address>0x1cf2</run_address>
         <size>0x40</size>
         <input_file_ref idref="fl-30"/>
      </object_component>
      <object_component id="oc-15f">
         <name>.debug_line</name>
         <load_address>0x1d32</load_address>
         <run_address>0x1d32</run_address>
         <size>0x3d</size>
         <input_file_ref idref="fl-31"/>
      </object_component>
      <object_component id="oc-126">
         <name>.debug_line</name>
         <load_address>0x1d6f</load_address>
         <run_address>0x1d6f</run_address>
         <size>0x3d</size>
         <input_file_ref idref="fl-40"/>
      </object_component>
      <object_component id="oc-f0">
         <name>.debug_line</name>
         <load_address>0x1dac</load_address>
         <run_address>0x1dac</run_address>
         <size>0x4e</size>
         <input_file_ref idref="fl-41"/>
      </object_component>
      <object_component id="oc-f8">
         <name>.debug_line</name>
         <load_address>0x1dfa</load_address>
         <run_address>0x1dfa</run_address>
         <size>0x5e</size>
         <input_file_ref idref="fl-43"/>
      </object_component>
      <object_component id="oc-1d9">
         <name>.debug_line</name>
         <load_address>0x1e58</load_address>
         <run_address>0x1e58</run_address>
         <size>0x20</size>
         <input_file_ref idref="fl-45"/>
      </object_component>
      <object_component id="oc-10d">
         <name>.debug_line</name>
         <load_address>0x1e78</load_address>
         <run_address>0x1e78</run_address>
         <size>0x45</size>
         <input_file_ref idref="fl-45"/>
      </object_component>
      <object_component id="oc-2b8">
         <name>.debug_line</name>
         <load_address>0x1ebd</load_address>
         <run_address>0x1ebd</run_address>
         <size>0x20</size>
         <input_file_ref idref="fl-46"/>
      </object_component>
      <object_component id="oc-236">
         <name>.debug_line</name>
         <load_address>0x1edd</load_address>
         <run_address>0x1edd</run_address>
         <size>0xa6</size>
         <input_file_ref idref="fl-46"/>
      </object_component>
      <object_component id="oc-1e8">
         <name>.debug_line</name>
         <load_address>0x1f83</load_address>
         <run_address>0x1f83</run_address>
         <size>0x42</size>
         <input_file_ref idref="fl-49"/>
      </object_component>
      <object_component id="oc-135">
         <name>.debug_line</name>
         <load_address>0x1fc5</load_address>
         <run_address>0x1fc5</run_address>
         <size>0x3e</size>
         <input_file_ref idref="fl-4b"/>
      </object_component>
      <object_component id="oc-1ef">
         <name>.debug_line</name>
         <load_address>0x2003</load_address>
         <run_address>0x2003</run_address>
         <size>0xa9</size>
         <input_file_ref idref="fl-4f"/>
      </object_component>
      <object_component id="oc-13f">
         <name>.debug_line</name>
         <load_address>0x20ac</load_address>
         <run_address>0x20ac</run_address>
         <size>0x91</size>
         <input_file_ref idref="fl-4f"/>
      </object_component>
      <object_component id="oc-1f3">
         <name>.debug_line</name>
         <load_address>0x213d</load_address>
         <run_address>0x213d</run_address>
         <size>0x2e</size>
         <input_file_ref idref="fl-4f"/>
      </object_component>
      <object_component id="oc-1f8">
         <name>.debug_line</name>
         <load_address>0x216b</load_address>
         <run_address>0x216b</run_address>
         <size>0x8b</size>
         <input_file_ref idref="fl-4f"/>
      </object_component>
      <object_component id="oc-265">
         <name>.debug_line</name>
         <load_address>0x21f6</load_address>
         <run_address>0x21f6</run_address>
         <size>0x98</size>
         <input_file_ref idref="fl-50"/>
      </object_component>
      <object_component id="oc-199">
         <name>.debug_line</name>
         <load_address>0x228e</load_address>
         <run_address>0x228e</run_address>
         <size>0x5f</size>
         <input_file_ref idref="fl-50"/>
      </object_component>
      <object_component id="oc-269">
         <name>.debug_line</name>
         <load_address>0x22ed</load_address>
         <run_address>0x22ed</run_address>
         <size>0x2e</size>
         <input_file_ref idref="fl-50"/>
      </object_component>
      <object_component id="oc-19e">
         <name>.debug_line</name>
         <load_address>0x231b</load_address>
         <run_address>0x231b</run_address>
         <size>0x3a</size>
         <input_file_ref idref="fl-53"/>
      </object_component>
      <object_component id="oc-159">
         <name>.debug_frame</name>
         <load_address>0x0</load_address>
         <run_address>0x0</run_address>
         <size>0x3c</size>
         <input_file_ref idref="fl-2"/>
      </object_component>
      <object_component id="oc-1d3">
         <name>.debug_frame</name>
         <load_address>0x3c</load_address>
         <run_address>0x3c</run_address>
         <size>0x44</size>
         <input_file_ref idref="fl-2"/>
      </object_component>
      <object_component id="oc-23f">
         <name>.debug_frame</name>
         <load_address>0x80</load_address>
         <run_address>0x80</run_address>
         <size>0x3c</size>
         <input_file_ref idref="fl-2"/>
      </object_component>
      <object_component id="oc-1cd">
         <name>.debug_frame</name>
         <load_address>0xbc</load_address>
         <run_address>0xbc</run_address>
         <size>0x48</size>
         <input_file_ref idref="fl-2"/>
      </object_component>
      <object_component id="oc-254">
         <name>.debug_frame</name>
         <load_address>0x104</load_address>
         <run_address>0x104</run_address>
         <size>0x3c</size>
         <input_file_ref idref="fl-4"/>
      </object_component>
      <object_component id="oc-232">
         <name>.debug_frame</name>
         <load_address>0x140</load_address>
         <run_address>0x140</run_address>
         <size>0x3c</size>
         <input_file_ref idref="fl-4"/>
      </object_component>
      <object_component id="oc-25a">
         <name>.debug_frame</name>
         <load_address>0x17c</load_address>
         <run_address>0x17c</run_address>
         <size>0x3c</size>
         <input_file_ref idref="fl-4"/>
      </object_component>
      <object_component id="oc-1bb">
         <name>.debug_frame</name>
         <load_address>0x1b8</load_address>
         <run_address>0x1b8</run_address>
         <size>0x3c</size>
         <input_file_ref idref="fl-8"/>
      </object_component>
      <object_component id="oc-1c1">
         <name>.debug_frame</name>
         <load_address>0x1f4</load_address>
         <run_address>0x1f4</run_address>
         <size>0x40</size>
         <input_file_ref idref="fl-8"/>
      </object_component>
      <object_component id="oc-21b">
         <name>.debug_frame</name>
         <load_address>0x234</load_address>
         <run_address>0x234</run_address>
         <size>0x3c</size>
         <input_file_ref idref="fl-8"/>
      </object_component>
      <object_component id="oc-12c">
         <name>.debug_frame</name>
         <load_address>0x270</load_address>
         <run_address>0x270</run_address>
         <size>0x3c</size>
         <input_file_ref idref="fl-8"/>
      </object_component>
      <object_component id="oc-221">
         <name>.debug_frame</name>
         <load_address>0x2ac</load_address>
         <run_address>0x2ac</run_address>
         <size>0x48</size>
         <input_file_ref idref="fl-9"/>
      </object_component>
      <object_component id="oc-2a4">
         <name>.debug_frame</name>
         <load_address>0x2f4</load_address>
         <run_address>0x2f4</run_address>
         <size>0x40</size>
         <input_file_ref idref="fl-9"/>
      </object_component>
      <object_component id="oc-279">
         <name>.debug_frame</name>
         <load_address>0x334</load_address>
         <run_address>0x334</run_address>
         <size>0x40</size>
         <input_file_ref idref="fl-9"/>
      </object_component>
      <object_component id="oc-29d">
         <name>.debug_frame</name>
         <load_address>0x374</load_address>
         <run_address>0x374</run_address>
         <size>0x48</size>
         <input_file_ref idref="fl-9"/>
      </object_component>
      <object_component id="oc-11b">
         <name>.debug_frame</name>
         <load_address>0x3bc</load_address>
         <run_address>0x3bc</run_address>
         <size>0x74</size>
         <input_file_ref idref="fl-9"/>
      </object_component>
      <object_component id="oc-121">
         <name>.debug_frame</name>
         <load_address>0x430</load_address>
         <run_address>0x430</run_address>
         <size>0x74</size>
         <input_file_ref idref="fl-9"/>
      </object_component>
      <object_component id="oc-245">
         <name>.debug_frame</name>
         <load_address>0x4a4</load_address>
         <run_address>0x4a4</run_address>
         <size>0x4c</size>
         <input_file_ref idref="fl-a"/>
      </object_component>
      <object_component id="oc-28d">
         <name>.debug_frame</name>
         <load_address>0x4f0</load_address>
         <run_address>0x4f0</run_address>
         <size>0x40</size>
         <input_file_ref idref="fl-a"/>
      </object_component>
      <object_component id="oc-24b">
         <name>.debug_frame</name>
         <load_address>0x530</load_address>
         <run_address>0x530</run_address>
         <size>0x40</size>
         <input_file_ref idref="fl-a"/>
      </object_component>
      <object_component id="oc-1c7">
         <name>.debug_frame</name>
         <load_address>0x570</load_address>
         <run_address>0x570</run_address>
         <size>0x3c</size>
         <input_file_ref idref="fl-b"/>
      </object_component>
      <object_component id="oc-283">
         <name>.debug_frame</name>
         <load_address>0x5ac</load_address>
         <run_address>0x5ac</run_address>
         <size>0x44</size>
         <input_file_ref idref="fl-b"/>
      </object_component>
      <object_component id="oc-229">
         <name>.debug_frame</name>
         <load_address>0x5f0</load_address>
         <run_address>0x5f0</run_address>
         <size>0x3c</size>
         <input_file_ref idref="fl-b"/>
      </object_component>
      <object_component id="oc-2b2">
         <name>.debug_frame</name>
         <load_address>0x62c</load_address>
         <run_address>0x62c</run_address>
         <size>0x3c</size>
         <input_file_ref idref="fl-b"/>
      </object_component>
      <object_component id="oc-66">
         <name>.debug_frame</name>
         <load_address>0x668</load_address>
         <run_address>0x668</run_address>
         <size>0x34</size>
         <input_file_ref idref="fl-28"/>
      </object_component>
      <object_component id="oc-34">
         <name>.debug_frame</name>
         <load_address>0x69c</load_address>
         <run_address>0x69c</run_address>
         <size>0x48</size>
         <input_file_ref idref="fl-29"/>
      </object_component>
      <object_component id="oc-3a">
         <name>.debug_frame</name>
         <load_address>0x6e4</load_address>
         <run_address>0x6e4</run_address>
         <size>0x3c</size>
         <input_file_ref idref="fl-2a"/>
      </object_component>
      <object_component id="oc-4c">
         <name>.debug_frame</name>
         <load_address>0x720</load_address>
         <run_address>0x720</run_address>
         <size>0x3c</size>
         <input_file_ref idref="fl-2b"/>
      </object_component>
      <object_component id="oc-15e">
         <name>.debug_frame</name>
         <load_address>0x75c</load_address>
         <run_address>0x75c</run_address>
         <size>0x3c</size>
         <input_file_ref idref="fl-31"/>
      </object_component>
      <object_component id="oc-10e">
         <name>.debug_frame</name>
         <load_address>0x798</load_address>
         <run_address>0x798</run_address>
         <size>0x3c</size>
         <input_file_ref idref="fl-45"/>
      </object_component>
      <object_component id="oc-235">
         <name>.debug_frame</name>
         <load_address>0x7d4</load_address>
         <run_address>0x7d4</run_address>
         <size>0x3c</size>
         <input_file_ref idref="fl-46"/>
      </object_component>
      <object_component id="oc-136">
         <name>.debug_frame</name>
         <load_address>0x810</load_address>
         <run_address>0x810</run_address>
         <size>0x3c</size>
         <input_file_ref idref="fl-4b"/>
      </object_component>
      <object_component id="oc-13b">
         <name>.debug_frame</name>
         <load_address>0x84c</load_address>
         <run_address>0x84c</run_address>
         <size>0x44</size>
         <input_file_ref idref="fl-4f"/>
      </object_component>
      <object_component id="oc-198">
         <name>.debug_frame</name>
         <load_address>0x890</load_address>
         <run_address>0x890</run_address>
         <size>0x44</size>
         <input_file_ref idref="fl-50"/>
      </object_component>
      <object_component id="oc-19f">
         <name>.debug_frame</name>
         <load_address>0x8d4</load_address>
         <run_address>0x8d4</run_address>
         <size>0x3c</size>
         <input_file_ref idref="fl-53"/>
      </object_component>
      <object_component id="oc-25c">
         <name>.debug_abbrev</name>
         <load_address>0x0</load_address>
         <run_address>0x0</run_address>
         <size>0xff</size>
         <input_file_ref idref="fl-2"/>
      </object_component>
      <object_component id="oc-27c">
         <name>.debug_abbrev</name>
         <load_address>0xff</load_address>
         <run_address>0xff</run_address>
         <size>0x27</size>
         <input_file_ref idref="fl-2"/>
      </object_component>
      <object_component id="oc-2a6">
         <name>.debug_abbrev</name>
         <load_address>0x126</load_address>
         <run_address>0x126</run_address>
         <size>0x27</size>
         <input_file_ref idref="fl-2"/>
      </object_component>
      <object_component id="oc-1d4">
         <name>.debug_abbrev</name>
         <load_address>0x14d</load_address>
         <run_address>0x14d</run_address>
         <size>0x5e</size>
         <input_file_ref idref="fl-2"/>
      </object_component>
      <object_component id="oc-25b">
         <name>.debug_abbrev</name>
         <load_address>0x1ab</load_address>
         <run_address>0x1ab</run_address>
         <size>0x5e</size>
         <input_file_ref idref="fl-2"/>
      </object_component>
      <object_component id="oc-28e">
         <name>.debug_abbrev</name>
         <load_address>0x209</load_address>
         <run_address>0x209</run_address>
         <size>0x5c</size>
         <input_file_ref idref="fl-2"/>
      </object_component>
      <object_component id="oc-233">
         <name>.debug_abbrev</name>
         <load_address>0x265</load_address>
         <run_address>0x265</run_address>
         <size>0x6a</size>
         <input_file_ref idref="fl-2"/>
      </object_component>
      <object_component id="oc-260">
         <name>.debug_abbrev</name>
         <load_address>0x2cf</load_address>
         <run_address>0x2cf</run_address>
         <size>0x5a</size>
         <input_file_ref idref="fl-2"/>
      </object_component>
      <object_component id="oc-1e1">
         <name>.debug_abbrev</name>
         <load_address>0x329</load_address>
         <run_address>0x329</run_address>
         <size>0x49</size>
         <input_file_ref idref="fl-2"/>
      </object_component>
      <object_component id="oc-106">
         <name>.debug_abbrev</name>
         <load_address>0x372</load_address>
         <run_address>0x372</run_address>
         <size>0x1f</size>
         <input_file_ref idref="fl-2"/>
      </object_component>
      <object_component id="oc-187">
         <name>.debug_abbrev</name>
         <load_address>0x391</load_address>
         <run_address>0x391</run_address>
         <size>0x24</size>
         <input_file_ref idref="fl-2"/>
      </object_component>
      <object_component id="oc-2b5">
         <name>.debug_abbrev</name>
         <load_address>0x3b5</load_address>
         <run_address>0x3b5</run_address>
         <size>0x71</size>
         <input_file_ref idref="fl-4"/>
      </object_component>
      <object_component id="oc-2a8">
         <name>.debug_abbrev</name>
         <load_address>0x426</load_address>
         <run_address>0x426</run_address>
         <size>0x7c</size>
         <input_file_ref idref="fl-4"/>
      </object_component>
      <object_component id="oc-284">
         <name>.debug_abbrev</name>
         <load_address>0x4a2</load_address>
         <run_address>0x4a2</run_address>
         <size>0x7c</size>
         <input_file_ref idref="fl-4"/>
      </object_component>
      <object_component id="oc-2a9">
         <name>.debug_abbrev</name>
         <load_address>0x51e</load_address>
         <run_address>0x51e</run_address>
[...]
      </symbol>
      <symbol id="sm-3c">
         <name>TA1R</name>
         <value>0x190</value>
      </symbol>
      <symbol id="sm-3d">
         <name>TA1CCR0</name>
         <value>0x192</value>
      </symbol>
      <symbol id="sm-3e">
         <name>TA1CCR1</name>
         <value>0x194</value>
      </symbol>
      <symbol id="sm-3f">
         <name>TA1CCR2</name>
         <value>0x196</value>
      </symbol>
      <symbol id="sm-40">
         <name>UCA0CTL0</name>
         <value>0x60</value>
      </symbol>
      <symbol id="sm-41">
         <name>UCA0CTL1</name>
         <value>0x61</value>
      </symbol>
      <symbol id="sm-42">
         <name>UCA0BR0</name>
         <value>0x62</value>
      </symbol>
      <symbol id="sm-43">
         <name>UCA0BR1</name>
         <value>0x63</value>
      </symbol>
      <symbol id="sm-44">
         <name>UCA0MCTL</name>
         <value>0x64</value>
      </symbol>
      <symbol id="sm-45">
         <name>UCA0STAT</name>
         <value>0x65</value>
      </symbol>
      <symbol id="sm-46">
         <name>UCA0RXBUF</name>
         <value>0x66</value>
      </symbol>
      <symbol id="sm-47">
         <name>UCA0TXBUF</name>
         <value>0x67</value>
      </symbol>
      <symbol id="sm-48">
         <name>UCA0ABCTL</name>
         <value>0x5d</value>
      </symbol>
      <symbol id="sm-49">
         <name>UCA0IRTCTL</name>
         <value>0x5e</value>
      </symbol>
      <symbol id="sm-4a">
         <name>UCA0IRRCTL</name>
         <value>0x5f</value>
      </symbol>
      <symbol id="sm-4b">
         <name>UCB0CTL0</name>
         <value>0x68</value>
      </symbol>
      <symbol id="sm-4c">
         <name>UCB0CTL1</name>
         <value>0x69</value>
      </symbol>
      <symbol id="sm-4d">
         <name>UCB0BR0</name>
         <value>0x6a</value>
      </symbol>
      <symbol id="sm-4e">
         <name>UCB0BR1</name>
         <value>0x6b</value>
      </symbol>
      <symbol id="sm-4f">
         <name>UCB0I2CIE</name>
         <value>0x6c</value>
      </symbol>
      <symbol id="sm-50">
         <name>UCB0STAT</name>
         <value>0x6d</value>
      </symbol>
      <symbol id="sm-51">
         <name>UCB0RXBUF</name>
         <value>0x6e</value>
      </symbol>
      <symbol id="sm-52">
         <name>UCB0TXBUF</name>
         <value>0x6f</value>
      </symbol>
      <symbol id="sm-53">
         <name>UCB0I2COA</name>
         <value>0x118</value>
      </symbol>
      <symbol id="sm-54">
         <name>UCB0I2CSA</name>
         <value>0x11a</value>
      </symbol>
      <symbol id="sm-55">
         <name>WDTCTL</name>
         <value>0x120</value>
      </symbol>
      <symbol id="sm-56">
         <name>CALDCO_16MHZ</name>
         <value>0x10f8</value>
      </symbol>
      <symbol id="sm-57">
         <name>CALBC1_16MHZ</name>
         <value>0x10f9</value>
      </symbol>
      <symbol id="sm-58">
         <name>CALDCO_12MHZ</name>
         <value>0x10fa</value>
      </symbol>
      <symbol id="sm-59">
         <name>CALBC1_12MHZ</name>
         <value>0x10fb</value>
      </symbol>
      <symbol id="sm-5a">
         <name>CALDCO_8MHZ</name>
         <value>0x10fc</value>
      </symbol>
      <symbol id="sm-5b">
         <name>CALBC1_8MHZ</name>
         <value>0x10fd</value>
      </symbol>
      <symbol id="sm-5c">
         <name>CALDCO_1MHZ</name>
         <value>0x10fe</value>
      </symbol>
      <symbol id="sm-5d">
         <name>CALBC1_1MHZ</name>
         <value>0x10ff</value>
      </symbol>
      <symbol id="sm-5e">
         <name>TLV_CHECKSUM</name>
         <value>0x10c0</value>
      </symbol>
      <symbol id="sm-5f">
         <name>TLV_DCO_30_TAG</name>
         <value>0x10f6</value>
      </symbol>
      <symbol id="sm-60">
         <name>TLV_DCO_30_LEN</name>
         <value>0x10f7</value>
      </symbol>
      <symbol id="sm-61">
         <name>TLV_ADC10_1_TAG</name>
         <value>0x10da</value>
      </symbol>
      <symbol id="sm-62">
         <name>TLV_ADC10_1_LEN</name>
         <value>0x10db</value>
      </symbol>
      <symbol id="sm-63">
         <name>__TI_CINIT_Base</name>
         <value>0xc886</value>
      </symbol>
      <symbol id="sm-64">
         <name>__TI_CINIT_Limit</name>
         <value>0xc88e</value>
      </symbol>
      <symbol id="sm-65">
         <name>__TI_Handler_Table_Base</name>
         <value>0xc87c</value>
      </symbol>
      <symbol id="sm-66">
         <name>__TI_Handler_Table_Limit</name>
         <value>0xc882</value>
      </symbol>
      <symbol id="sm-67">
         <name>__STACK_SIZE</name>
         <value>0x50</value>
      </symbol>
      <symbol id="sm-68">
         <name>__STACK_END</name>
         <value>0x400</value>
      </symbol>
      <symbol id="sm-69">
         <name>__c_args__</name>
         <value>0xffffffff</value>
      </symbol>
      <symbol id="sm-6a">
         <name>__TI_pprof_out_hndl</name>
         <value>0xffffffff</value>
      </symbol>
      <symbol id="sm-6b">
         <name>__TI_prof_data_start</name>
         <value>0xffffffff</value>
      </symbol>
      <symbol id="sm-6c">
         <name>__TI_prof_data_size</name>
         <value>0xffffffff</value>
      </symbol>
      <symbol id="sm-e0">
         <name>main</name>
         <value>0xc720</value>
         <object_component_ref idref="oc-154"/>
      </symbol>
      <symbol id="sm-fb">
         <name>cc11xLSpiReadRxFifo</name>
         <value>0xc79c</value>
         <object_component_ref idref="oc-255"/>
      </symbol>
      <symbol id="sm-fc">
         <name>cc11xLSpiReadReg</name>
         <value>0xc78a</value>
         <object_component_ref idref="oc-24f"/>
      </symbol>
      <symbol id="sm-fd">
         <name>cc11xLSpiWriteReg</name>
         <value>0xc7ae</value>
         <object_component_ref idref="oc-22d"/>
      </symbol>
      <symbol id="sm-126">
         <name>WDT_ISR</name>
         <value>0xc73a</value>
         <object_component_ref idref="oc-127"/>
      </symbol>
      <symbol id="sm-127">
         <name>__TI_int10</name>
         <value>0xfff4</value>
         <object_component_ref idref="oc-42"/>
      </symbol>
      <symbol id="sm-128">
         <name>halInitMCU</name>
         <value>0xc6d0</value>
         <object_component_ref idref="oc-1b6"/>
      </symbol>
      <symbol id="sm-129">
         <name>halButtonInterruptEnable</name>
         <value>0xc706</value>
         <object_component_ref idref="oc-1bc"/>
      </symbol>
      <symbol id="sm-182">
         <name>__TI_int02</name>
         <value>0xffe4</value>
         <object_component_ref idref="oc-3b"/>
      </symbol>
      <symbol id="sm-183">
         <name>__TI_int03</name>
         <value>0xffe6</value>
         <object_component_ref idref="oc-3c"/>
      </symbol>
      <symbol id="sm-184">
         <name>halDigio2IntSetEdge</name>
         <value>0xc2cc</value>
         <object_component_ref idref="oc-298"/>
      </symbol>
      <symbol id="sm-185">
         <name>port2_ISR</name>
         <value>0xc262</value>
         <object_component_ref idref="oc-11c"/>
      </symbol>
      <symbol id="sm-186">
         <name>port1_ISR</name>
         <value>0xc1f8</value>
         <object_component_ref idref="oc-116"/>
      </symbol>
      <symbol id="sm-187">
         <name>halDigio2IntEnable</name>
         <value>0xc62a</value>
         <object_component_ref idref="oc-29f"/>
      </symbol>
      <symbol id="sm-188">
         <name>halDigio2IntClear</name>
         <value>0xc5f4</value>
         <object_component_ref idref="oc-274"/>
      </symbol>
      <symbol id="sm-189">
         <name>halDigio2IntConnect</name>
         <value>0xc4dc</value>
         <object_component_ref idref="oc-21c"/>
      </symbol>
      <symbol id="sm-1bb">
         <name>trxEnableInt</name>
         <value>0xc43e</value>
         <object_component_ref idref="oc-246"/>
      </symbol>
      <symbol id="sm-1bc">
         <name>gpio0</name>
         <value>0x220</value>
         <object_component_ref idref="oc-28f"/>
      </symbol>
      <symbol id="sm-1bd">
         <name>gpio3</name>
         <value>0x224</value>
         <object_component_ref idref="oc-292"/>
      </symbol>
      <symbol id="sm-1be">
         <name>gpio2</name>
         <value>0x222</value>
         <object_component_ref idref="oc-295"/>
      </symbol>
      <symbol id="sm-1bf">
         <name>trxIsrConnect</name>
         <value>0xc330</value>
         <object_component_ref idref="oc-240"/>
      </symbol>
      <symbol id="sm-1c0">
         <name>trxClearIntFlag</name>
         <value>0xc3ee</value>
         <object_component_ref idref="oc-288"/>
      </symbol>
      <symbol id="sm-1f1">
         <name>exp430RfSpiInit</name>
         <value>0xc48e</value>
         <object_component_ref idref="oc-1c2"/>
      </symbol>
      <symbol id="sm-1f2">
         <name>trxSpiCmdStrobe</name>
         <value>0xc68c</value>
         <object_component_ref idref="oc-224"/>
      </symbol>
      <symbol id="sm-1f3">
         <name>trx8BitRegAccess</name>
         <value>0xc5b4</value>
         <object_component_ref idref="oc-27e"/>
      </symbol>
      <symbol id="sm-1fc">
         <name>_stack</name>
         <value>0x3b0</value>
         <object_component_ref idref="oc-eb"/>
      </symbol>
      <symbol id="sm-1fd">
         <name>_reset_vector</name>
         <value>0xfffe</value>
         <object_component_ref idref="oc-ee"/>
      </symbol>
      <symbol id="sm-207">
         <name>_c_int00_noargs_noexit</name>
         <value>0xc6ec</value>
         <object_component_ref idref="oc-65"/>
      </symbol>
      <symbol id="sm-225">
         <name>__TI_decompress_lzss</name>
         <value>0xc09a</value>
         <object_component_ref idref="oc-2f"/>
      </symbol>
      <symbol id="sm-23b">
         <name>__TI_decompress_none</name>
         <value>0xc7c0</value>
         <object_component_ref idref="oc-35"/>
      </symbol>
      <symbol id="sm-253">
         <name>__TI_zero_init</name>
         <value>0xc74e</value>
         <object_component_ref idref="oc-47"/>
      </symbol>
      <symbol id="sm-260">
         <name>__mspabi_func_epilog_2</name>
         <value>0xc7ee</value>
         <object_component_ref idref="oc-f9"/>
      </symbol>
      <symbol id="sm-261">
         <name>__mspabi_func_epilog_3</name>
         <value>0xc7ec</value>
         <object_component_ref idref="oc-f9"/>
      </symbol>
      <symbol id="sm-262">
         <name>__mspabi_func_epilog_1</name>
         <value>0xc7f0</value>
         <object_component_ref idref="oc-f9"/>
      </symbol>
      <symbol id="sm-263">
         <name>__mspabi_func_epilog_6</name>
         <value>0xc7e6</value>
         <object_component_ref idref="oc-f9"/>
      </symbol>
      <symbol id="sm-264">
         <name>__mspabi_func_epilog_7</name>
         <value>0xc7e4</value>
         <object_component_ref idref="oc-f9"/>
      </symbol>
      <symbol id="sm-265">
         <name>__mspabi_func_epilog_4</name>
         <value>0xc7ea</value>
         <object_component_ref idref="oc-f9"/>
      </symbol>
      <symbol id="sm-266">
         <name>__mspabi_func_epilog_5</name>
         <value>0xc7e8</value>
         <object_component_ref idref="oc-f9"/>
      </symbol>
      <symbol id="sm-270">
         <name>C$$EXIT</name>
         <value>0xc808</value>
         <object_component_ref idref="oc-15c"/>
      </symbol>
      <symbol id="sm-271">
         <name>abort</name>
         <value>0xc808</value>
         <object_component_ref idref="oc-15c"/>
      </symbol>
      <symbol id="sm-279">
         <name>__TI_int05</name>
         <value>0xffea</value>
         <object_component_ref idref="oc-3d"/>
      </symbol>
      <symbol id="sm-27c">
         <name>__TI_int06</name>
         <value>0xffec</value>
         <object_component_ref idref="oc-3e"/>
      </symbol>
      <symbol id="sm-27f">
         <name>__TI_int07</name>
         <value>0xffee</value>
         <object_component_ref idref="oc-3f"/>
      </symbol>
      <symbol id="sm-282">
         <name>__TI_int08</name>
         <value>0xfff0</value>
         <object_component_ref idref="oc-40"/>
      </symbol>
      <symbol id="sm-285">
         <name>__TI_int09</name>
         <value>0xfff2</value>
         <object_component_ref idref="oc-41"/>
      </symbol>
      <symbol id="sm-288">
         <name>__TI_int11</name>
         <value>0xfff6</value>
         <object_component_ref idref="oc-43"/>
      </symbol>
      <symbol id="sm-28b">
         <name>__TI_int12</name>
         <value>0xfff8</value>
         <object_component_ref idref="oc-44"/>
      </symbol>
      <symbol id="sm-28e">
         <name>__TI_int13</name>
         <value>0xfffa</value>
         <object_component_ref idref="oc-45"/>
      </symbol>
      <symbol id="sm-291">
         <name>__TI_int14</name>
         <value>0xfffc</value>
         <object_component_ref idref="oc-46"/>
      </symbol>
      <symbol id="sm-299">
         <name>__TI_ISR_TRAP</name>
         <value>0xc800</value>
         <object_component_ref idref="oc-122"/>
      </symbol>
      <symbol id="sm-2a1">
         <name>__mspabi_slli</name>
         <value>0xc660</value>
         <object_component_ref idref="oc-ef"/>
      </symbol>
      <symbol id="sm-2a2">
         <name>__mspabi_slli_9</name>
         <value>0xc678</value>
         <object_component_ref idref="oc-ef"/>
      </symbol>
      <symbol id="sm-2a3">
         <name>__mspabi_slli_8</name>
         <value>0xc67a</value>
         <object_component_ref idref="oc-ef"/>
      </symbol>
      <symbol id="sm-2a4">
         <name>__mspabi_slli_7</name>
         <value>0xc67c</value>
         <object_component_ref idref="oc-ef"/>
      </symbol>
      <symbol id="sm-2a5">
         <name>__mspabi_slli_6</name>
         <value>0xc67e</value>
         <object_component_ref idref="oc-ef"/>
      </symbol>
      <symbol id="sm-2a6">
         <name>__mspabi_slli_5</name>
         <value>0xc680</value>
         <object_component_ref idref="oc-ef"/>
      </symbol>
      <symbol id="sm-2a7">
         <name>__mspabi_slli_4</name>
         <value>0xc682</value>
         <object_component_ref idref="oc-ef"/>
      </symbol>
      <symbol id="sm-2a8">
         <name>__mspabi_slli_3</name>
         <value>0xc684</value>
         <object_component_ref idref="oc-ef"/>
      </symbol>
      <symbol id="sm-2a9">
         <name>__mspabi_slli_2</name>
         <value>0xc686</value>
         <object_component_ref idref="oc-ef"/>
      </symbol>
      <symbol id="sm-2aa">
         <name>__mspabi_slli_1</name>
         <value>0xc688</value>
         <object_component_ref idref="oc-ef"/>
      </symbol>
      <symbol id="sm-2ab">
         <name>__mspabi_slli_15</name>
         <value>0xc66c</value>
         <object_component_ref idref="oc-ef"/>
      </symbol>
      <symbol id="sm-2ac">
         <name>__mspabi_slli_14</name>
         <value>0xc66e</value>
         <object_component_ref idref="oc-ef"/>
      </symbol>
      <symbol id="sm-2ad">
         <name>__mspabi_slli_13</name>
         <value>0xc670</value>
         <object_component_ref idref="oc-ef"/>
      </symbol>
      <symbol id="sm-2ae">
         <name>__mspabi_slli_12</name>
         <value>0xc672</value>
         <object_component_ref idref="oc-ef"/>
      </symbol>
      <symbol id="sm-2af">
         <name>__mspabi_slli_11</name>
         <value>0xc674</value>
         <object_component_ref idref="oc-ef"/>
      </symbol>
      <symbol id="sm-2b0">
         <name>__mspabi_slli_10</name>
         <value>0xc676</value>
         <object_component_ref idref="oc-ef"/>
      </symbol>
      <symbol id="sm-2b9">
         <name>__mspabi_srli_8</name>
         <value>0xc552</value>
         <object_component_ref idref="oc-f4"/>
      </symbol>
      <symbol id="sm-2ba">
         <name>__mspabi_srli_9</name>
         <value>0xc54e</value>
         <object_component_ref idref="oc-f4"/>
      </symbol>
      <symbol id="sm-2bb">
         <name>__mspabi_srli_6</name>
         <value>0xc55a</value>
         <object_component_ref idref="oc-f4"/>
      </symbol>
      <symbol id="sm-2bc">
         <name>__mspabi_srli_7</name>
         <value>0xc556</value>
         <object_component_ref idref="oc-f4"/>
      </symbol>
      <symbol id="sm-2bd">
         <name>__mspabi_srli_4</name>
         <value>0xc562</value>
         <object_component_ref idref="oc-f4"/>
      </symbol>
      <symbol id="sm-2be">
         <name>__mspabi_srli_5</name>
         <value>0xc55e</value>
         <object_component_ref idref="oc-f4"/>
      </symbol>
      <symbol id="sm-2bf">
         <name>__mspabi_srli_2</name>
         <value>0xc56a</value>
         <object_component_ref idref="oc-f4"/>
      </symbol>
      <symbol id="sm-2c0">
         <name>__mspabi_srli_3</name>
         <value>0xc566</value>
         <object_component_ref idref="oc-f4"/>
      </symbol>
      <symbol id="sm-2c1">
         <name>__mspabi_srli_1</name>
         <value>0xc56e</value>
         <object_component_ref idref="oc-f4"/>
      </symbol>
      <symbol id="sm-2c2">
         <name>__mspabi_srli</name>
         <value>0xc528</value>
         <object_component_ref idref="oc-f4"/>
      </symbol>
      <symbol id="sm-2c3">
         <name>__mspabi_srli_15</name>
         <value>0xc536</value>
         <object_component_ref idref="oc-f4"/>
      </symbol>
      <symbol id="sm-2c4">
         <name>__mspabi_srli_14</name>
         <value>0xc53a</value>
         <object_component_ref idref="oc-f4"/>
      </symbol>
      <symbol id="sm-2c5">
         <name>__mspabi_srli_13</name>
         <value>0xc53e</value>
         <object_component_ref idref="oc-f4"/>
      </symbol>
      <symbol id="sm-2c6">
         <name>__mspabi_srli_12</name>
         <value>0xc542</value>
         <object_component_ref idref="oc-f4"/>
      </symbol>
      <symbol id="sm-2c7">
         <name>__mspabi_srli_11</name>
         <value>0xc546</value>
         <object_component_ref idref="oc-f4"/>
      </symbol>
      <symbol id="sm-2c8">
         <name>__mspabi_srli_10</name>
         <value>0xc54a</value>
         <object_component_ref idref="oc-f4"/>
      </symbol>
      <symbol id="sm-2d7">
         <name>memcpy</name>
         <value>0xc7d2</value>
         <object_component_ref idref="oc-109"/>
      </symbol>
      <symbol id="sm-2e5">
         <name>memset</name>
         <value>0xc762</value>
         <object_component_ref idref="oc-234"/>
      </symbol>
      <symbol id="sm-2f1">
         <name>__mspabi_mpyi_sw</name>
         <value>0xc776</value>
         <object_component_ref idref="oc-1e6"/>
      </symbol>
      <symbol id="sm-2f2">
         <name>__mspabi_mpyi</name>
         <value>0xc776</value>
         <object_component_ref idref="oc-1e6"/>
      </symbol>
      <symbol id="sm-2fc">
         <name>_system_pre_init</name>
         <value>0xc80e</value>
         <object_component_ref idref="oc-134"/>
      </symbol>
      <symbol id="sm-31b">
         <name>_auto_init</name>
         <value>0xc18a</value>
         <object_component_ref idref="oc-13a"/>
      </symbol>
      <symbol id="sm-331">
         <name>copy_in</name>
         <value>0xc394</value>
         <object_component_ref idref="oc-194"/>
      </symbol>
      <symbol id="sm-33c">
         <name>_system_post_cinit</name>
         <value>0xc812</value>
         <object_component_ref idref="oc-19a"/>
      </symbol>
      <symbol id="sm-33e">
         <name>__TI_BINIT_Base</name>
         <value>0x0</value>
      </symbol>
      <symbol id="sm-33f">
         <name>__TI_BINIT_Limit</name>
         <value>0x0</value>
      </symbol>
      <symbol id="sm-340">
         <name>__TI_INITARRAY_Base</name>
         <value>0x0</value>
      </symbol>
      <symbol id="sm-341">
         <name>__TI_INITARRAY_Limit</name>
         <value>0x0</value>
      </symbol>
   </symbol_table>
   <title>Link successful</title>
</link_info>
