******************************************************************************
                  MSP430 Linker PC v16.9.7                     
******************************************************************************
>> Linked Fri Jun 08 07:52:02 2018

OUTPUT FILE NAME:   <cc1101_MSP-EXP430g2_RX.out>
ENTRY POINT SYMBOL: "_c_int00_noargs_noexit"  address: 0000c6ec


MEMORY CONFIGURATION

         name            origin    length      used     unused   attr    fill
----------------------  --------  ---------  --------  --------  ----  --------
  SFR                   00000000   00000010  00000000  00000010  RWIX
  PERIPHERALS_8BIT      00000010   000000f0  00000000  000000f0  RWIX
  PERIPHERALS_16BIT     00000100   00000100  00000000  00000100  RWIX
  RAM                   00000200   00000200  0000007d  00000183  RWIX
  INFOD                 00001000   00000040  00000000  00000040  RWIX
  INFOC                 00001040   00000040  00000000  00000040  RWIX
  INFOB                 00001080   00000040  00000000  00000040  RWIX
  INFOA                 000010c0   00000040  00000000  00000040  RWIX
  FLASH                 0000c000   00003fe0  0000088e  00003752  RWIX
  INT00                 0000ffe0   00000002  00000000  00000002  RWIX
  INT01                 0000ffe2   00000002  00000000  00000002  RWIX
  INT02                 0000ffe4   00000002  00000002  00000000  RWIX
  INT03                 0000ffe6   00000002  00000002  00000000  RWIX
  INT04                 0000ffe8   00000002  00000000  00000002  RWIX
  INT05                 0000ffea   00000002  00000002  00000000  RWIX
  INT06                 0000ffec   00000002  00000002  00000000  RWIX
  INT07                 0000ffee   00000002  00000002  00000000  RWIX
  INT08                 0000fff0   00000002  00000002  00000000  RWIX
  INT09                 0000fff2   00000002  00000002  00000000  RWIX
  INT10                 0000fff4   00000002  00000002  00000000  RWIX
  INT11                 0000fff6   00000002  00000002  00000000  RWIX
  INT12                 0000fff8   00000002  00000002  00000000  RWIX
  INT13                 0000fffa   00000002  00000002  00000000  RWIX
  INT14                 0000fffc   00000002  00000002  00000000  RWIX
  RESET                 0000fffe   00000002  00000002  00000000  RWIX


SECTION ALLOCATION MAP

 output                                  attributes/
section   page    origin      length       input sections
--------  ----  ----------  ----------   ----------------
.data      0    00000200    00000026     UNINITIALIZED
                  00000200    00000010     hal_digio2.obj (.data:port1_isr_tbl)
                  00000210    00000010     hal_digio2.obj (.data:port2_isr_tbl)
                  00000220    00000002     hal_int_rf_msp_exp430g2.obj (.data:gpio0)
                  00000222    00000002     hal_int_rf_msp_exp430g2.obj (.data:gpio2)
                  00000224    00000002     hal_int_rf_msp_exp430g2.obj (.data:gpio3)

.bss       0    00000226    00000007     UNINITIALIZED
                  00000226    00000006     cc110L_easy_link_msp_exp_430g2_rx.obj (.bss)
                  0000022c    00000001     hal_board.obj (.bss)

.stack     0    000003b0    00000050     UNINITIALIZED
                  000003b0    00000002     rts430_eabi.lib : boot.obj (.stack)
                  000003b2    0000004e     --HOLE--

.text      0    0000c000    00000814     
                  0000c000    0000009a     cc110L_easy_link_msp_exp_430g2_rx.obj (.text:runRX)
                  0000c09a    0000007c     rts430_eabi.lib : copy_decompress_lzss.obj (.text:decompress:lzss:__TI_decompress_lzss)
                  0000c116    00000074     hal_msp_exp430g2_spi.obj (.text:trxReadWriteBurstSingle)
                  0000c18a    0000006e     rts430_eabi.lib : autoinit.obj (.text:_auto_init)
                  0000c1f8    0000006a     hal_digio2.obj (.text:port1_ISR)
                  0000c262    0000006a     hal_digio2.obj (.text:port2_ISR)
                  0000c2cc    00000064     hal_digio2.obj (.text:halDigio2IntSetEdge)
                  0000c330    00000064     hal_int_rf_msp_exp430g2.obj (.text:trxIsrConnect)
                  0000c394    0000005a     rts430_eabi.lib : cpy_tbl.obj (.text:copy_in)
                  0000c3ee    00000050     hal_int_rf_msp_exp430g2.obj (.text:trxClearIntFlag)
                  0000c43e    00000050     hal_int_rf_msp_exp430g2.obj (.text:trxEnableInt)
                  0000c48e    0000004e     hal_msp_exp430g2_spi.obj (.text:exp430RfSpiInit)
                  0000c4dc    0000004c     hal_digio2.obj (.text:halDigio2IntConnect)
                  0000c528    0000004c     rts430_eabi.lib : lsr16.obj (.text)
                  0000c574    00000040     cc110L_easy_link_msp_exp_430g2_rx.obj (.text:registerConfig)
                  0000c5b4    00000040     hal_msp_exp430g2_spi.obj (.text:trx8BitRegAccess)
                  0000c5f4    00000036     hal_digio2.obj (.text:halDigio2IntClear)
                  0000c62a    00000036     hal_digio2.obj (.text:halDigio2IntEnable)
                  0000c660    0000002c     rts430_eabi.lib : lsl16.obj (.text)
                  0000c68c    00000028     hal_msp_exp430g2_spi.obj (.text:trxSpiCmdStrobe)
                  0000c6b4    0000001c     hal_board.obj (.text:buttonPressedISR)
                  0000c6d0    0000001c     hal_board.obj (.text:halInitMCU)
                  0000c6ec    0000001a     rts430_eabi.lib : boot_special.obj (.text:_c_int00_noargs_noexit)
                  0000c706    0000001a     hal_board.obj (.text:halButtonInterruptEnable)
                  0000c720    0000001a     cc110L_easy_link_msp_exp_430g2_rx.obj (.text:main)
                  0000c73a    00000014     hal_board.obj (.text:WDT_ISR)
                  0000c74e    00000014     rts430_eabi.lib : copy_zero_init.obj (.text:decompress:ZI:__TI_zero_init)
                  0000c762    00000014                     : memset.obj (.text:memset)
                  0000c776    00000014                     : mult16.obj (.text)
                  0000c78a    00000012     cc11xL_spi.obj (.text:cc11xLSpiReadReg)
                  0000c79c    00000012     cc11xL_spi.obj (.text:cc11xLSpiReadRxFifo)
                  0000c7ae    00000012     cc11xL_spi.obj (.text:cc11xLSpiWriteReg)
                  0000c7c0    00000012     rts430_eabi.lib : copy_decompress_none.obj (.text:decompress:none:__TI_decompress_none)
                  0000c7d2    00000012                     : memcpy.obj (.text:memcpy)
                  0000c7e4    00000010                     : epilog.obj (.text)
                  0000c7f4    0000000c     cc110L_easy_link_msp_exp_430g2_rx.obj (.text:radioRxTxISR)
                  0000c800    00000008     rts430_eabi.lib : isr_trap.obj (.text:_isr:__TI_ISR_TRAP)
                  0000c808    00000006                     : exit.obj (.text:abort)
                  0000c80e    00000004                     : pre_init.obj (.text:_system_pre_init)
                  0000c812    00000002                     : startup.obj (.text:_system_post_cinit)

.const     0    0000c814    00000058     
                  0000c814    00000058     cc110L_easy_link_msp_exp_430g2_rx.obj (.const:preferredSettings)

.cinit     0    0000c86c    00000022     
                  0000c86c    0000000f     (.cinit..data.load) [load image, compression = lzss]
                  0000c87b    00000001     --HOLE-- [fill = 0]
                  0000c87c    00000006     (__TI_handler_table)
                  0000c882    00000004     (.cinit..bss.load) [load image, compression = zero_init]
                  0000c886    00000008     (__TI_cinit_table)

.init_array 
*          0    0000c000    00000000     UNINITIALIZED

PORT1      0    0000ffe4    00000002     
                  0000ffe4    00000002     hal_digio2.obj (.int02)

PORT2      0    0000ffe6    00000002     
                  0000ffe6    00000002     hal_digio2.obj (.int03)

ADC10      0    0000ffea    00000002     
                  0000ffea    00000002     rts430_eabi.lib : int05.obj (.int05)

USCIAB0TX 
*          0    0000ffec    00000002     
                  0000ffec    00000002     rts430_eabi.lib : int06.obj (.int06)

USCIAB0RX 
*          0    0000ffee    00000002     
                  0000ffee    00000002     rts430_eabi.lib : int07.obj (.int07)

TIMER0_A1 
*          0    0000fff0    00000002     
                  0000fff0    00000002     rts430_eabi.lib : int08.obj (.int08)

TIMER0_A0 
*          0    0000fff2    00000002     
                  0000fff2    00000002     rts430_eabi.lib : int09.obj (.int09)

WDT        0    0000fff4    00000002     
                  0000fff4    00000002     hal_board.obj (.int10)

COMPARATORA 
*          0    0000fff6    00000002     
                  0000fff6    00000002     rts430_eabi.lib : int11.obj (.int11)

TIMER1_A1 
*          0    0000fff8    00000002     
                  0000fff8    00000002     rts430_eabi.lib : int12.obj (.int12)

TIMER1_A0 
*          0    0000fffa    00000002     
                  0000fffa    00000002     rts430_eabi.lib : int13.obj (.int13)

NMI        0    0000fffc    00000002     
                  0000fffc    00000002     rts430_eabi.lib : int14.obj (.int14)

.reset     0    0000fffe    00000002     
                  0000fffe    00000002     rts430_eabi.lib : boot.obj (.reset)

MODULE SUMMARY

       Module                                  code   ro data   rw data
       ------                                  ----   -------   -------
    .\source\apps\cc1120_easyLink_vchip_boosterpack\
       cc110L_easy_link_msp_exp_430g2_rx.obj   256    88        6      
    +--+---------------------------------------+------+---------+---------+
       Total:                                  256    88        6      
                                                                       
    .\source\components\devices\cc11x\
       cc11xL_spi.obj                          54     0         0      
    +--+---------------------------------------+------+---------+---------+
       Total:                                  54     0         0      
                                                                       
    .\source\components\targets\msp_exp430g2\
       hal_digio2.obj                          496    4         32     
       hal_msp_exp430g2_spi.obj                298    0         0      
       hal_int_rf_msp_exp430g2.obj             260    0         6      
       hal_board.obj                           102    2         1      
    +--+---------------------------------------+------+---------+---------+
       Total:                                  1156   6         39     
                                                                       
    C:\ti\ccsv8\tools\compiler\ti-cgt-msp430_16.9.7.LTS\lib\rts430_eabi.lib
       copy_decompress_lzss.obj                124    0         0      
       autoinit.obj                            110    0         0      
       cpy_tbl.obj                             90     0         0      
       lsr16.obj                               76     0         0      
       lsl16.obj                               44     0         0      
       boot_special.obj                        26     0         0      
       copy_zero_init.obj                      20     0         0      
       memset.obj                              20     0         0      
       mult16.obj                              20     0         0      
       copy_decompress_none.obj                18     0         0      
       memcpy.obj                              18     0         0      
       epilog.obj                              16     0         0      
       isr_trap.obj                            8      0         0      
       exit.obj                                6      0         0      
       pre_init.obj                            4      0         0      
       boot.obj                                0      2         0      
       int05.obj                               0      2         0      
       int06.obj                               0      2         0      
       int07.obj                               0      2         0      
       int08.obj                               0      2         0      
       int09.obj                               0      2         0      
       int11.obj                               0      2         0      
       int12.obj                               0      2         0      
       int13.obj                               0      2         0      
       int14.obj                               0      2         0      
       startup.obj                             2      0         0      
    +--+---------------------------------------+------+---------+---------+
       Total:                                  602    20        0      
                                                                       
       Stack:                                  0      0         80     
       Linker Generated:                       0      33        0      
    +--+---------------------------------------+------+---------+---------+
       Grand Total:                            2068   147       125    


LINKER GENERATED COPY TABLES

__TI_cinit_table @ 0000c886 records: 2, size/record: 4, table size: 8
	.data: load addr=0000c86c, load size=0000000f bytes, run addr=00000200, run size=00000026 bytes, compression=lzss
	.bss: load addr=0000c882, load size=00000004 bytes, run addr=00000226, run size=00000007 bytes, compression=zero_init


LINKER GENERATED HANDLER TABLE

__TI_handler_table @ 0000c87c records: 3, size/record: 2, table size: 6
	index: 0, handler: __TI_zero_init
	index: 1, handler: __TI_decompress_lzss
	index: 2, handler: __TI_decompress_none


GLOBAL SYMBOLS: SORTED ALPHABETICALLY BY Name 

address   name                    
-------   ----                    
0000004a  ADC10AE0                
000001b0  ADC10CTL0               
000001b2  ADC10CTL1               
00000048  ADC10DTC0               
00000049  ADC10DTC1               
000001b4  ADC10MEM                
000001bc  ADC10SA                 
00000057  BCSCTL1                 
00000058  BCSCTL2                 
00000053  BCSCTL3                 
0000c808  C$$EXIT                 
00000059  CACTL1                  
0000005a  CACTL2                  
000010fb  CALBC1_12MHZ            
000010f9  CALBC1_16MHZ            
000010ff  CALBC1_1MHZ             
000010fd  CALBC1_8MHZ             
000010fa  CALDCO_12MHZ            
000010f8  CALDCO_16MHZ            
000010fe  CALDCO_1MHZ             
000010fc  CALDCO_8MHZ             
0000005b  CAPD                    
00000056  DCOCTL                  
00000128  FCTL1                   
0000012a  FCTL2                   
0000012c  FCTL3                   
00000000  IE1                     
00000001  IE2                     
00000002  IFG1                    
00000003  IFG2                    
00000022  P1DIR                   
00000025  P1IE                    
00000024  P1IES                   
00000023  P1IFG                   
00000020  P1IN                    
00000021  P1OUT                   
00000027  P1REN                   
00000026  P1SEL                   
00000041  P1SEL2                  
0000002a  P2DIR                   
0000002d  P2IE                    
0000002c  P2IES                   
0000002b  P2IFG                   
00000028  P2IN                    
00000029  P2OUT                   
0000002f  P2REN                   
0000002e  P2SEL                   
00000042  P2SEL2                  
0000001a  P3DIR                   
00000018  P3IN                    
00000019  P3OUT                   
00000010  P3REN                   
0000001b  P3SEL                   
00000043  P3SEL2                  
00000172  TA0CCR0                 
00000174  TA0CCR1                 
00000176  TA0CCR2                 
00000162  TA0CCTL0                
00000164  TA0CCTL1                
00000166  TA0CCTL2                
00000160  TA0CTL                  
0000012e  TA0IV                   
00000170  TA0R                    
00000192  TA1CCR0                 
00000194  TA1CCR1                 
00000196  TA1CCR2                 
00000182  TA1CCTL0                
00000184  TA1CCTL1                
00000186  TA1CCTL2                
00000180  TA1CTL                  
0000011e  TA1IV                   
00000190  TA1R                    
000010db  TLV_ADC10_1_LEN         
000010da  TLV_ADC10_1_TAG         
000010c0  TLV_CHECKSUM            
000010f7  TLV_DCO_30_LEN          
000010f6  TLV_DCO_30_TAG          
0000005d  UCA0ABCTL               
00000062  UCA0BR0                 
00000063  UCA0BR1                 
00000060  UCA0CTL0                
00000061  UCA0CTL1                
0000005f  UCA0IRRCTL              
0000005e  UCA0IRTCTL              
00000064  UCA0MCTL                
00000066  UCA0RXBUF               
00000065  UCA0STAT                
00000067  UCA0TXBUF               
0000006a  UCB0BR0                 
0000006b  UCB0BR1                 
00000068  UCB0CTL0                
00000069  UCB0CTL1                
0000006c  UCB0I2CIE               
00000118  UCB0I2COA               
0000011a  UCB0I2CSA               
0000006e  UCB0RXBUF               
0000006d  UCB0STAT                
0000006f  UCB0TXBUF               
00000120  WDTCTL                  
0000c73a  WDT_ISR                 
00000400  __STACK_END             
00000050  __STACK_SIZE            
UNDEFED   __TI_BINIT_Base         
UNDEFED   __TI_BINIT_Limit        
0000c886  __TI_CINIT_Base         
0000c88e  __TI_CINIT_Limit        
0000c87c  __TI_Handler_Table_Base 
0000c882  __TI_Handler_Table_Limit
UNDEFED   __TI_INITARRAY_Base     
UNDEFED   __TI_INITARRAY_Limit    
0000c800  __TI_ISR_TRAP           
0000c09a  __TI_decompress_lzss    
0000c7c0  __TI_decompress_none    
0000ffe4  __TI_int02              
0000ffe6  __TI_int03              
0000ffea  __TI_int05              
0000ffec  __TI_int06              
0000ffee  __TI_int07              
0000fff0  __TI_int08              
0000fff2  __TI_int09              
0000fff4  __TI_int10              
0000fff6  __TI_int11              
0000fff8  __TI_int12              
0000fffa  __TI_int13              
0000fffc  __TI_int14              
ffffffff  __TI_pprof_out_hndl     
ffffffff  __TI_prof_data_size     
ffffffff  __TI_prof_data_start    
0000c74e  __TI_zero_init          
ffffffff  __c_args__              
0000c7f0  __mspabi_func_epilog_1  
0000c7ee  __mspabi_func_epilog_2  
0000c7ec  __mspabi_func_epilog_3  
0000c7ea  __mspabi_func_epilog_4  
0000c7e8  __mspabi_func_epilog_5  
0000c7e6  __mspabi_func_epilog_6  
0000c7e4  __mspabi_func_epilog_7  
0000c776  __mspabi_mpyi           
0000c776  __mspabi_mpyi_sw        
0000c660  __mspabi_slli           
0000c688  __mspabi_slli_1         
0000c676  __mspabi_slli_10        
0000c674  __mspabi_slli_11        
0000c672  __mspabi_slli_12        
0000c670  __mspabi_slli_13        
0000c66e  __mspabi_slli_14        
0000c66c  __mspabi_slli_15        
0000c686  __mspabi_slli_2         
0000c684  __mspabi_slli_3         
0000c682  __mspabi_slli_4         
0000c680  __mspabi_slli_5         
0000c67e  __mspabi_slli_6         
0000c67c  __mspabi_slli_7         
0000c67a  __mspabi_slli_8         
0000c678  __mspabi_slli_9         
0000c528  __mspabi_srli           
0000c56e  __mspabi_srli_1         
0000c54a  __mspabi_srli_10        
0000c546  __mspabi_srli_11        
0000c542  __mspabi_srli_12        
0000c53e  __mspabi_srli_13        
0000c53a  __mspabi_srli_14        
0000c536  __mspabi_srli_15        
0000c56a  __mspabi_srli_2         
0000c566  __mspabi_srli_3         
0000c562  __mspabi_srli_4         
0000c55e  __mspabi_srli_5         
0000c55a  __mspabi_srli_6         
0000c556  __mspabi_srli_7         
0000c552  __mspabi_srli_8         
0000c54e  __mspabi_srli_9         
0000c18a  _auto_init              
0000c6ec  _c_int00_noargs_noexit  
0000fffe  _reset_vector           
000003b0  _stack                  
0000c812  _system_post_cinit      
0000c80e  _system_pre_init        
0000c808  abort                   
0000c78a  cc11xLSpiReadReg        
0000c79c  cc11xLSpiReadRxFifo     
0000c7ae  cc11xLSpiWriteReg       
0000c394  copy_in                 
0000c48e  exp430RfSpiInit         
00000220  gpio0                   
00000222  gpio2                   
00000224  gpio3                   
0000c706  halButtonInterruptEnable
0000c5f4  halDigio2IntClear       
0000c4dc  halDigio2IntConnect     
0000c62a  halDigio2IntEnable      
0000c2cc  halDigio2IntSetEdge     
0000c6d0  halInitMCU              
0000c720  main                    
0000c7d2  memcpy                  
0000c762  memset                  
0000c1f8  port1_ISR               
0000c262  port2_ISR               
0000c5b4  trx8BitRegAccess        
0000c3ee  trxClearIntFlag         
0000c43e  trxEnableInt            
0000c330  trxIsrConnect           
0000c68c  trxSpiCmdStrobe         


GLOBAL SYMBOLS: SORTED BY Symbol Address 

address   name                    
-------   ----                    
00000000  IE1                     
00000001  IE2                     
00000002  IFG1                    
00000003  IFG2                    
00000010  P3REN                   
00000018  P3IN                    
00000019  P3OUT                   
0000001a  P3DIR                   
0000001b  P3SEL                   
00000020  P1IN                    
00000021  P1OUT                   
00000022  P1DIR                   
00000023  P1IFG                   
00000024  P1IES                   
00000025  P1IE                    
00000026  P1SEL                   
00000027  P1REN                   
00000028  P2IN                    
00000029  P2OUT                   
0000002a  P2DIR                   
0000002b  P2IFG                   
0000002c  P2IES                   
0000002d  P2IE                    
0000002e  P2SEL                   
0000002f  P2REN                   
00000041  P1SEL2                  
00000042  P2SEL2                  
00000043  P3SEL2                  
00000048  ADC10DTC0               
00000049  ADC10DTC1               
0000004a  ADC10AE0                
00000050  __STACK_SIZE            
00000053  BCSCTL3                 
00000056  DCOCTL                  
00000057  BCSCTL1                 
00000058  BCSCTL2                 
00000059  CACTL1                  
0000005a  CACTL2                  
0000005b  CAPD                    
0000005d  UCA0ABCTL               
0000005e  UCA0IRTCTL              
0000005f  UCA0IRRCTL              
00000060  UCA0CTL0                
00000061  UCA0CTL1                
00000062  UCA0BR0                 
00000063  UCA0BR1                 
00000064  UCA0MCTL                
00000065  UCA0STAT                
00000066  UCA0RXBUF               
00000067  UCA0TXBUF               
00000068  UCB0CTL0                
00000069  UCB0CTL1                
0000006a  UCB0BR0                 
0000006b  UCB0BR1                 
0000006c  UCB0I2CIE               
0000006d  UCB0STAT                
0000006e  UCB0RXBUF               
0000006f  UCB0TXBUF               
00000118  UCB0I2COA               
0000011a  UCB0I2CSA               
0000011e  TA1IV                   
00000120  WDTCTL                  
00000128  FCTL1                   
0000012a  FCTL2                   
0000012c  FCTL3                   
0000012e  TA0IV                   
00000160  TA0CTL                  
00000162  TA0CCTL0                
00000164  TA0CCTL1                
00000166  TA0CCTL2                
00000170  TA0R                    
00000172  TA0CCR0                 
00000174  TA0CCR1                 
00000176  TA0CCR2                 
00000180  TA1CTL                  
00000182  TA1CCTL0                
00000184  TA1CCTL1                
00000186  TA1CCTL2                
00000190  TA1R                    
00000192  TA1CCR0                 
00000194  TA1CCR1                 
00000196  TA1CCR2                 
000001b0  ADC10CTL0               
000001b2  ADC10CTL1               
000001b4  ADC10MEM                
000001bc  ADC10SA                 
00000220  gpio0                   
00000222  gpio2                   
00000224  gpio3                   
000003b0  _stack                  
00000400  __STACK_END             
000010c0  TLV_CHECKSUM            
000010da  TLV_ADC10_1_TAG         
000010db  TLV_ADC10_1_LEN         
000010f6  TLV_DCO_30_TAG          
000010f7  TLV_DCO_30_LEN          
000010f8  CALDCO_16MHZ            
000010f9  CALBC1_16MHZ            
000010fa  CALDCO_12MHZ            
000010fb  CALBC1_12MHZ            
000010fc  CALDCO_8MHZ             
000010fd  CALBC1_8MHZ             
000010fe  CALDCO_1MHZ             
000010ff  CALBC1_1MHZ             
0000c09a  __TI_decompress_lzss    
0000c18a  _auto_init              
0000c1f8  port1_ISR               
0000c262  port2_ISR               
0000c2cc  halDigio2IntSetEdge     
0000c330  trxIsrConnect           
0000c394  copy_in                 
0000c3ee  trxClearIntFlag         
0000c43e  trxEnableInt            
0000c48e  exp430RfSpiInit         
0000c4dc  halDigio2IntConnect     
0000c528  __mspabi_srli           
0000c536  __mspabi_srli_15        
0000c53a  __mspabi_srli_14        
0000c53e  __mspabi_srli_13        
0000c542  __mspabi_srli_12        
0000c546  __mspabi_srli_11        
0000c54a  __mspabi_srli_10        
0000c54e  __mspabi_srli_9         
0000c552  __mspabi_srli_8         
0000c556  __mspabi_srli_7         
0000c55a  __mspabi_srli_6         
0000c55e  __mspabi_srli_5         
0000c562  __mspabi_srli_4         
0000c566  __mspabi_srli_3         
0000c56a  __mspabi_srli_2         
0000c56e  __mspabi_srli_1         
0000c5b4  trx8BitRegAccess        
0000c5f4  halDigio2IntClear       
0000c62a  halDigio2IntEnable      
0000c660  __mspabi_slli           
0000c66c  __mspabi_slli_15        
0000c66e  __mspabi_slli_14        
0000c670  __mspabi_slli_13        
0000c672  __mspabi_slli_12        
0000c674  __mspabi_slli_11        
0000c676  __mspabi_slli_10        
0000c678  __mspabi_slli_9         
0000c67a  __mspabi_slli_8         
0000c67c  __mspabi_slli_7         
0000c67e  __mspabi_slli_6         
0000c680  __mspabi_slli_5         
0000c682  __mspabi_slli_4         
0000c684  __mspabi_slli_3         
0000c686  __mspabi_slli_2         
0000c688  __mspabi_slli_1         
0000c68c  trxSpiCmdStrobe         
0000c6d0  halInitMCU              
0000c6ec  _c_int00_noargs_noexit  
0000c706  halButtonInterruptEnable
0000c720  main                    
0000c73a  WDT_ISR                 
0000c74e  __TI_zero_init          
0000c762  memset                  
0000c776  __mspabi_mpyi           
0000c776  __mspabi_mpyi_sw        
0000c78a  cc11xLSpiReadReg        
0000c79c  cc11xLSpiReadRxFifo     
0000c7ae  cc11xLSpiWriteReg       
0000c7c0  __TI_decompress_none    
0000c7d2  memcpy                  
0000c7e4  __mspabi_func_epilog_7  
0000c7e6  __mspabi_func_epilog_6  
0000c7e8  __mspabi_func_epilog_5  
0000c7ea  __mspabi_func_epilog_4  
0000c7ec  __mspabi_func_epilog_3  
0000c7ee  __mspabi_func_epilog_2  
0000c7f0  __mspabi_func_epilog_1  
0000c800  __TI_ISR_TRAP           
0000c808  C$$EXIT                 
0000c808  abort                   
0000c80e  _system_pre_init        
0000c812  _system_post_cinit      
0000c87c  __TI_Handler_Table_Base 
0000c882  __TI_Handler_Table_Limit
0000c886  __TI_CINIT_Base         
0000c88e  __TI_CINIT_Limit        
0000ffe4  __TI_int02              
0000ffe6  __TI_int03              
0000ffea  __TI_int05              
0000ffec  __TI_int06              
0000ffee  __TI_int07              
0000fff0  __TI_int08              
0000fff2  __TI_int09              
0000fff4  __TI_int10              
0000fff6  __TI_int11              
0000fff8  __TI_int12              
0000fffa  __TI_int13              
0000fffc  __TI_int14              
0000fffe  _reset_vector           
ffffffff  __TI_pprof_out_hndl     
ffffffff  __TI_prof_data_size     
ffffffff  __TI_prof_data_start    
ffffffff  __c_args__              
UNDEFED   __TI_BINIT_Base         
UNDEFED   __TI_BINIT_Limit        
UNDEFED   __TI_INITARRAY_Base     
UNDEFED   __TI_INITARRAY_Limit    

[202 symbols]
