******************************************************************************
                  MSP430 Linker PC v4.1.0                      
******************************************************************************
>> Linked Thu Jul 11 23:28:26 2013

OUTPUT FILE NAME:   <cc1120_easyLink_vchip_boosterpack.out>
ENTRY POINT SYMBOL: "_c_int00"  address: 0000c8b2


MEMORY CONFIGURATION

         name            origin    length      used     unused   attr    fill
----------------------  --------  ---------  --------  --------  ----  --------
  SFR                   00000000   00000010  00000000  00000010  RWIX
  PERIPHERALS_8BIT      00000010   000000f0  00000000  000000f0  RWIX
  PERIPHERALS_16BIT     00000100   00000100  00000000  00000100  RWIX
  RAM                   00000200   00000200  0000007d  00000183  RWIX
  INFOD                 00001000   00000040  00000000  00000040  RWIX
  INFOC                 00001040   00000040  00000000  00000040  RWIX
  INFOB                 00001080   00000040  00000000  00000040  RWIX
  INFOA                 000010c0   00000040  00000000  00000040  RWIX
  FLASH                 0000c000   00003fe0  00000a62  0000357e  RWIX
  INT00                 0000ffe0   00000002  00000000  00000002  RWIX
  INT01                 0000ffe2   00000002  00000000  00000002  RWIX
  INT02                 0000ffe4   00000002  00000002  00000000  RWIX
  INT03                 0000ffe6   00000002  00000002  00000000  RWIX
  INT04                 0000ffe8   00000002  00000000  00000002  RWIX
  INT05                 0000ffea   00000002  00000000  00000002  RWIX
  INT06                 0000ffec   00000002  00000000  00000002  RWIX
  INT07                 0000ffee   00000002  00000000  00000002  RWIX
  INT08                 0000fff0   00000002  00000000  00000002  RWIX
  INT09                 0000fff2   00000002  00000000  00000002  RWIX
  INT10                 0000fff4   00000002  00000002  00000000  RWIX
  INT11                 0000fff6   00000002  00000000  00000002  RWIX
  INT12                 0000fff8   00000002  00000000  00000002  RWIX
  INT13                 0000fffa   00000002  00000000  00000002  RWIX
  INT14                 0000fffc   00000002  00000000  00000002  RWIX
  RESET                 0000fffe   00000002  00000002  00000000  RWIX


SECTION ALLOCATION MAP

 output                                  attributes/
section   page    origin      length       input sections
--------  ----  ----------  ----------   ----------------
.init_array 
*          0    0000c000    00000000     UNINITIALIZED

.data      0    00000200    00000026     
                  00000200    00000010     hal_digio2.obj (.data:port1_isr_tbl)
                  00000210    00000010     hal_digio2.obj (.data:port2_isr_tbl)
                  00000220    00000006     hal_int_rf_msp_exp430g2.obj (.data)

.TI.persistent 
*          0    00000200    00000000     UNINITIALIZED

.bss       0    00000226    00000007     UNINITIALIZED
                  00000226    00000006     cc1120_vchip_easy_link_rx.obj (.bss)
                  0000022c    00000001     hal_board.obj (.bss)

.TI.noinit 
*          0    00000226    00000000     UNINITIALIZED

.stack     0    000003b0    00000050     UNINITIALIZED
                  000003b0    00000002     rts430_eabi.lib : boot.obj (.stack)
                  000003b2    0000004e     --HOLE--

.text      0    0000c000    000009ac     
                  0000c000    0000017c     cc1120_vchip_easy_link_rx.obj (.text:manualCalibration)
                  0000c17c    000000b2     cc1120_vchip_easy_link_rx.obj (.text:runRX)
                  0000c22e    00000074     hal_msp_exp430g2_spi.obj (.text:trxReadWriteBurstSingle)
                  0000c2a2    0000006a     hal_digio2.obj (.text:port1_ISR)
                  0000c30c    0000006a     hal_digio2.obj (.text:port2_ISR)
                  0000c376    00000064     hal_digio2.obj (.text:halDigio2IntSetEdge)
                  0000c3da    00000064     hal_int_rf_msp_exp430g2.obj (.text:trxIsrConnect)
                  0000c43e    0000005e     rts430_eabi.lib : copy_decompress_rle.obj (.text:__TI_decompress_rle_core)
                  0000c49c    0000005e                     : autoinit.obj (.text:_auto_init)
                  0000c4fa    00000050     hal_msp_exp430g2_spi.obj (.text:trx16BitRegAccess)
                  0000c54a    00000050     hal_int_rf_msp_exp430g2.obj (.text:trxClearIntFlag)
                  0000c59a    00000050     hal_int_rf_msp_exp430g2.obj (.text:trxEnableInt)
                  0000c5ea    0000004e     hal_msp_exp430g2_spi.obj (.text:exp430RfSpiInit)
                  0000c638    0000004c     cc112x_spi.obj (.text:cc112xSpiReadReg)
                  0000c684    0000004c     cc112x_spi.obj (.text:cc112xSpiWriteReg)
                  0000c6d0    0000004c     hal_digio2.obj (.text:halDigio2IntConnect)
                  0000c71c    00000040     cc1120_vchip_easy_link_rx.obj (.text:registerConfig)
                  0000c75c    00000040     hal_msp_exp430g2_spi.obj (.text:trx8BitRegAccess)
                  0000c79c    00000036     hal_digio2.obj (.text:halDigio2IntClear)
                  0000c7d2    00000036     hal_digio2.obj (.text:halDigio2IntEnable)
                  0000c808    0000002c     rts430_eabi.lib : lsl16.obj (.text)
                  0000c834    00000028     hal_msp_exp430g2_spi.obj (.text:trxSpiCmdStrobe)
                  0000c85c    0000001e     cc1120_vchip_easy_link_rx.obj (.text:main)
                  0000c87a    0000001c     hal_board.obj (.text:buttonPressedISR)
                  0000c896    0000001c     hal_board.obj (.text:halInitMCU)
                  0000c8b2    0000001a     rts430_eabi.lib : boot.obj (.text:_c_int00_noexit)
                  0000c8cc    0000001a     hal_board.obj (.text:halButtonInit)
                  0000c8e6    0000001a     hal_board.obj (.text:halButtonInterruptEnable)
                  0000c900    00000014     hal_board.obj (.text:WDT_ISR)
                  0000c914    00000014     rts430_eabi.lib : copy_zero_init.obj (.text:decompress:ZI:__TI_zero_init)
                  0000c928    00000014                     : memset.obj (.text:memset)
                  0000c93c    00000012                     : copy_decompress_none.obj (.text:decompress:none:__TI_decompress_none)
                  0000c94e    00000012                     : memcpy.obj (.text:memcpy)
                  0000c960    00000010                     : epilog.obj (.text)
                  0000c970    0000000e     cc112x_spi.obj (.text:cc112xSpiReadRxFifo)
                  0000c97e    0000000e     hal_board.obj (.text:halLedInit)
                  0000c98c    0000000c     cc1120_vchip_easy_link_rx.obj (.text:radioRxTxISR)
                  0000c998    00000006     rts430_eabi.lib : copy_decompress_rle.obj (.text:decompress:rle24:__TI_decompress_rle24)
                  0000c99e    00000006     hal_board.obj (.text:halLedToggle)
                  0000c9a4    00000004     rts430_eabi.lib : pre_init.obj (.text:_system_pre_init)
                  0000c9a8    00000004                     : exit.obj (.text:abort)

.const     0    0000c9ac    00000094     
                  0000c9ac    00000094     cc1120_vchip_easy_link_rx.obj (.const:preferredSettings)

.cinit     0    0000ca40    00000022     
                  0000ca40    0000000f     (.cinit..data.load) [load image, compression = rle]
                  0000ca4f    00000001     --HOLE-- [fill = 0]
                  0000ca50    00000006     (__TI_handler_table)
                  0000ca56    00000004     (.cinit..bss.load) [load image, compression = zero_init]
                  0000ca5a    00000008     (__TI_cinit_table)

PORT1      0    0000ffe4    00000002     
                  0000ffe4    00000002     hal_digio2.obj (.int02)

PORT2      0    0000ffe6    00000002     
                  0000ffe6    00000002     hal_digio2.obj (.int03)

WDT        0    0000fff4    00000002     
                  0000fff4    00000002     hal_board.obj (.int10)

.reset     0    0000fffe    00000002     
                  0000fffe    00000002     rts430_eabi.lib : boot.obj (.reset)


LINKER GENERATED COPY TABLES

__TI_cinit_table @ 0000ca5a records: 2, size/record: 4, table size: 8
	.data: load addr=0000ca40, load size=0000000f bytes, run addr=00000200, run size=00000026 bytes, compression=rle
	.bss: load addr=0000ca56, load size=00000004 bytes, run addr=00000226, run size=00000007 bytes, compression=zero_init


LINKER GENERATED HANDLER TABLE

__TI_handler_table @ 0000ca50 records: 3, size/record: 2, table size: 6
	index: 0, handler: __TI_zero_init
	index: 1, handler: __TI_decompress_rle24
	index: 2, handler: __TI_decompress_none


GLOBAL SYMBOLS: SORTED ALPHABETICALLY BY Name 

address    name
--------   ----
0000004a   ADC10AE0
000001b0   ADC10CTL0
000001b2   ADC10CTL1
00000048   ADC10DTC0
00000049   ADC10DTC1
000001b4   ADC10MEM
000001bc   ADC10SA
00000057   BCSCTL1
00000058   BCSCTL2
00000053   BCSCTL3
0000c9a8   C$$EXIT
00000059   CACTL1
0000005a   CACTL2
000010fb   CALBC1_12MHZ
000010f9   CALBC1_16MHZ
000010ff   CALBC1_1MHZ
000010fd   CALBC1_8MHZ
000010fa   CALDCO_12MHZ
000010f8   CALDCO_16MHZ
000010fe   CALDCO_1MHZ
000010fc   CALDCO_8MHZ
0000005b   CAPD
00000056   DCOCTL
00000128   FCTL1
0000012a   FCTL2
0000012c   FCTL3
00000000   IE1
00000001   IE2
00000002   IFG1
00000003   IFG2
00000022   P1DIR
00000025   P1IE
00000024   P1IES
00000023   P1IFG
00000020   P1IN
00000021   P1OUT
00000027   P1REN
00000026   P1SEL
00000041   P1SEL2
0000002a   P2DIR
0000002d   P2IE
0000002c   P2IES
0000002b   P2IFG
00000028   P2IN
00000029   P2OUT
0000002f   P2REN
0000002e   P2SEL
00000042   P2SEL2
0000001a   P3DIR
00000018   P3IN
00000019   P3OUT
00000010   P3REN
0000001b   P3SEL
00000043   P3SEL2
00000172   TA0CCR0
00000174   TA0CCR1
00000176   TA0CCR2
00000162   TA0CCTL0
00000164   TA0CCTL1
00000166   TA0CCTL2
00000160   TA0CTL
0000012e   TA0IV
00000170   TA0R
00000192   TA1CCR0
00000194   TA1CCR1
00000196   TA1CCR2
00000182   TA1CCTL0
00000184   TA1CCTL1
00000186   TA1CCTL2
00000180   TA1CTL
0000011e   TA1IV
00000190   TA1R
0000005d   UCA0ABCTL
00000062   UCA0BR0
00000063   UCA0BR1
00000060   UCA0CTL0
00000061   UCA0CTL1
0000005f   UCA0IRRCTL
0000005e   UCA0IRTCTL
00000064   UCA0MCTL
00000066   UCA0RXBUF
00000065   UCA0STAT
00000067   UCA0TXBUF
0000006a   UCB0BR0
0000006b   UCB0BR1
00000068   UCB0CTL0
00000069   UCB0CTL1
0000006c   UCB0I2CIE
00000118   UCB0I2COA
0000011a   UCB0I2CSA
0000006e   UCB0RXBUF
0000006d   UCB0STAT
0000006f   UCB0TXBUF
00000120   WDTCTL
0000c900   WDT_ISR
00000400   __STACK_END
00000050   __STACK_SIZE
0000ca5a   __TI_CINIT_Base
0000ca62   __TI_CINIT_Limit
0000ca50   __TI_Handler_Table_Base
0000ca56   __TI_Handler_Table_Limit
00000001   __TI_args_main
0000c93c   __TI_decompress_none
0000c998   __TI_decompress_rle24
00000001   __TI_exit
0000c914   __TI_zero_init
ffffffff   __binit__
ffffffff   __c_args__
0000c96c   __mspabi_func_epilog_1
0000c96a   __mspabi_func_epilog_2
0000c968   __mspabi_func_epilog_3
0000c966   __mspabi_func_epilog_4
0000c964   __mspabi_func_epilog_5
0000c962   __mspabi_func_epilog_6
0000c960   __mspabi_func_epilog_7
0000c808   __mspabi_slli
0000c830   __mspabi_slli_1
0000c81e   __mspabi_slli_10
0000c81c   __mspabi_slli_11
0000c81a   __mspabi_slli_12
0000c818   __mspabi_slli_13
0000c816   __mspabi_slli_14
0000c814   __mspabi_slli_15
0000c82e   __mspabi_slli_2
0000c82c   __mspabi_slli_3
0000c82a   __mspabi_slli_4
0000c828   __mspabi_slli_5
0000c826   __mspabi_slli_6
0000c824   __mspabi_slli_7
0000c822   __mspabi_slli_8
0000c820   __mspabi_slli_9
0000c49c   _auto_init
0000c8b2   _c_int00
0000c8b2   _c_int00_noexit
0000fffe   _reset_vector
000003b0   _stack
0000c9a4   _system_pre_init
0000c9a8   abort
ffffffff   binit
0000c638   cc112xSpiReadReg
0000c970   cc112xSpiReadRxFifo
0000c684   cc112xSpiWriteReg
0000c5ea   exp430RfSpiInit
00000224   gpio0
00000222   gpio2
00000220   gpio3
0000c8cc   halButtonInit
0000c8e6   halButtonInterruptEnable
0000c79c   halDigio2IntClear
0000c6d0   halDigio2IntConnect
0000c7d2   halDigio2IntEnable
0000c376   halDigio2IntSetEdge
0000c896   halInitMCU
0000c97e   halLedInit
0000c99e   halLedToggle
0000c85c   main
0000c94e   memcpy
0000c928   memset
0000c2a2   port1_ISR
0000c30c   port2_ISR
0000c4fa   trx16BitRegAccess
0000c75c   trx8BitRegAccess
0000c54a   trxClearIntFlag
0000c59a   trxEnableInt
0000c3da   trxIsrConnect
0000c834   trxSpiCmdStrobe


GLOBAL SYMBOLS: SORTED BY Symbol Address 

address    name
--------   ----
00000000   IE1
00000001   IE2
00000001   __TI_args_main
00000001   __TI_exit
00000002   IFG1
00000003   IFG2
00000010   P3REN
00000018   P3IN
00000019   P3OUT
0000001a   P3DIR
0000001b   P3SEL
00000020   P1IN
00000021   P1OUT
00000022   P1DIR
00000023   P1IFG
00000024   P1IES
00000025   P1IE
00000026   P1SEL
00000027   P1REN
00000028   P2IN
00000029   P2OUT
0000002a   P2DIR
0000002b   P2IFG
0000002c   P2IES
0000002d   P2IE
0000002e   P2SEL
0000002f   P2REN
00000041   P1SEL2
00000042   P2SEL2
00000043   P3SEL2
00000048   ADC10DTC0
00000049   ADC10DTC1
0000004a   ADC10AE0
00000050   __STACK_SIZE
00000053   BCSCTL3
00000056   DCOCTL
00000057   BCSCTL1
00000058   BCSCTL2
00000059   CACTL1
0000005a   CACTL2
0000005b   CAPD
0000005d   UCA0ABCTL
0000005e   UCA0IRTCTL
0000005f   UCA0IRRCTL
00000060   UCA0CTL0
00000061   UCA0CTL1
00000062   UCA0BR0
00000063   UCA0BR1
00000064   UCA0MCTL
00000065   UCA0STAT
00000066   UCA0RXBUF
00000067   UCA0TXBUF
00000068   UCB0CTL0
00000069   UCB0CTL1
0000006a   UCB0BR0
0000006b   UCB0BR1
0000006c   UCB0I2CIE
0000006d   UCB0STAT
0000006e   UCB0RXBUF
0000006f   UCB0TXBUF
00000118   UCB0I2COA
0000011a   UCB0I2CSA
0000011e   TA1IV
00000120   WDTCTL
00000128   FCTL1
0000012a   FCTL2
0000012c   FCTL3
0000012e   TA0IV
00000160   TA0CTL
00000162   TA0CCTL0
00000164   TA0CCTL1
00000166   TA0CCTL2
00000170   TA0R
00000172   TA0CCR0
00000174   TA0CCR1
00000176   TA0CCR2
00000180   TA1CTL
00000182   TA1CCTL0
00000184   TA1CCTL1
00000186   TA1CCTL2
00000190   TA1R
00000192   TA1CCR0
00000194   TA1CCR1
00000196   TA1CCR2
000001b0   ADC10CTL0
000001b2   ADC10CTL1
000001b4   ADC10MEM
000001bc   ADC10SA
00000220   gpio3
00000222   gpio2
00000224   gpio0
000003b0   _stack
00000400   __STACK_END
000010f8   CALDCO_16MHZ
000010f9   CALBC1_16MHZ
000010fa   CALDCO_12MHZ
000010fb   CALBC1_12MHZ
000010fc   CALDCO_8MHZ
000010fd   CALBC1_8MHZ
000010fe   CALDCO_1MHZ
000010ff   CALBC1_1MHZ
0000c2a2   port1_ISR
0000c30c   port2_ISR
0000c376   halDigio2IntSetEdge
0000c3da   trxIsrConnect
0000c49c   _auto_init
0000c4fa   trx16BitRegAccess
0000c54a   trxClearIntFlag
0000c59a   trxEnableInt
0000c5ea   exp430RfSpiInit
0000c638   cc112xSpiReadReg
0000c684   cc112xSpiWriteReg
0000c6d0   halDigio2IntConnect
0000c75c   trx8BitRegAccess
0000c79c   halDigio2IntClear
0000c7d2   halDigio2IntEnable
0000c808   __mspabi_slli
0000c814   __mspabi_slli_15
0000c816   __mspabi_slli_14
0000c818   __mspabi_slli_13
0000c81a   __mspabi_slli_12
0000c81c   __mspabi_slli_11
0000c81e   __mspabi_slli_10
0000c820   __mspabi_slli_9
0000c822   __mspabi_slli_8
0000c824   __mspabi_slli_7
0000c826   __mspabi_slli_6
0000c828   __mspabi_slli_5
0000c82a   __mspabi_slli_4
0000c82c   __mspabi_slli_3
0000c82e   __mspabi_slli_2
0000c830   __mspabi_slli_1
0000c834   trxSpiCmdStrobe
0000c85c   main
0000c896   halInitMCU
0000c8b2   _c_int00
0000c8b2   _c_int00_noexit
0000c8cc   halButtonInit
0000c8e6   halButtonInterruptEnable
0000c900   WDT_ISR
0000c914   __TI_zero_init
0000c928   memset
0000c93c   __TI_decompress_none
0000c94e   memcpy
0000c960   __mspabi_func_epilog_7
0000c962   __mspabi_func_epilog_6
0000c964   __mspabi_func_epilog_5
0000c966   __mspabi_func_epilog_4
0000c968   __mspabi_func_epilog_3
0000c96a   __mspabi_func_epilog_2
0000c96c   __mspabi_func_epilog_1
0000c970   cc112xSpiReadRxFifo
0000c97e   halLedInit
0000c998   __TI_decompress_rle24
0000c99e   halLedToggle
0000c9a4   _system_pre_init
0000c9a8   C$$EXIT
0000c9a8   abort
0000ca50   __TI_Handler_Table_Base
0000ca56   __TI_Handler_Table_Limit
0000ca5a   __TI_CINIT_Base
0000ca62   __TI_CINIT_Limit
0000fffe   _reset_vector
ffffffff   __binit__
ffffffff   __c_args__
ffffffff   binit

[166 symbols]
